Archive member included to satisfy reference by file (symbol)

f:/4_单片机学习/6_risc-v/gnu mcu eclipse/risc-v embedded gcc/8.2.0-2.2-20190521-0004/bin/../lib/gcc/riscv-none-embed/8.2.0/../../../../riscv-none-embed/lib/rv64imafdc/lp64d\libc.a(lib_a-assert.o)
                              build\packages\kendryte-sdk-v0.5.5\kendryte-standalone-sdk\lib\drivers\kpu.o (__assert_func)
f:/4_单片机学习/6_risc-v/gnu mcu eclipse/risc-v embedded gcc/8.2.0-2.2-20190521-0004/bin/../lib/gcc/riscv-none-embed/8.2.0/../../../../riscv-none-embed/lib/rv64imafdc/lp64d\libc.a(lib_a-atexit.o)
                              build\packages\kendryte-sdk-v0.5.5\kendryte-standalone-sdk\lib\bsp\entry_user.o (atexit)
f:/4_单片机学习/6_risc-v/gnu mcu eclipse/risc-v embedded gcc/8.2.0-2.2-20190521-0004/bin/../lib/gcc/riscv-none-embed/8.2.0/../../../../riscv-none-embed/lib/rv64imafdc/lp64d\libc.a(lib_a-fclose.o)
                              build\kernel\components\libc\compilers\newlib\stdio.o (fclose)
f:/4_单片机学习/6_risc-v/gnu mcu eclipse/risc-v embedded gcc/8.2.0-2.2-20190521-0004/bin/../lib/gcc/riscv-none-embed/8.2.0/../../../../riscv-none-embed/lib/rv64imafdc/lp64d\libc.a(lib_a-fflush.o)
                              f:/4_单片机学习/6_risc-v/gnu mcu eclipse/risc-v embedded gcc/8.2.0-2.2-20190521-0004/bin/../lib/gcc/riscv-none-embed/8.2.0/../../../../riscv-none-embed/lib/rv64imafdc/lp64d\libc.a(lib_a-fclose.o) (__sflush_r)
f:/4_单片机学习/6_risc-v/gnu mcu eclipse/risc-v embedded gcc/8.2.0-2.2-20190521-0004/bin/../lib/gcc/riscv-none-embed/8.2.0/../../../../riscv-none-embed/lib/rv64imafdc/lp64d\libc.a(lib_a-fileno.o)
                              build\kernel\components\libc\compilers\newlib\stdio.o (fileno)
f:/4_单片机学习/6_risc-v/gnu mcu eclipse/risc-v embedded gcc/8.2.0-2.2-20190521-0004/bin/../lib/gcc/riscv-none-embed/8.2.0/../../../../riscv-none-embed/lib/rv64imafdc/lp64d\libc.a(lib_a-findfp.o)
                              f:/4_单片机学习/6_risc-v/gnu mcu eclipse/risc-v embedded gcc/8.2.0-2.2-20190521-0004/bin/../lib/gcc/riscv-none-embed/8.2.0/../../../../riscv-none-embed/lib/rv64imafdc/lp64d\libc.a(lib_a-fclose.o) (__sinit)
f:/4_单片机学习/6_risc-v/gnu mcu eclipse/risc-v embedded gcc/8.2.0-2.2-20190521-0004/bin/../lib/gcc/riscv-none-embed/8.2.0/../../../../riscv-none-embed/lib/rv64imafdc/lp64d\libc.a(lib_a-fini.o)
                              build\packages\kendryte-sdk-v0.5.5\kendryte-standalone-sdk\lib\bsp\entry_user.o (__libc_fini_array)
f:/4_单片机学习/6_risc-v/gnu mcu eclipse/risc-v embedded gcc/8.2.0-2.2-20190521-0004/bin/../lib/gcc/riscv-none-embed/8.2.0/../../../../riscv-none-embed/lib/rv64imafdc/lp64d\libc.a(lib_a-fiprintf.o)
                              f:/4_单片机学习/6_risc-v/gnu mcu eclipse/risc-v embedded gcc/8.2.0-2.2-20190521-0004/bin/../lib/gcc/riscv-none-embed/8.2.0/../../../../riscv-none-embed/lib/rv64imafdc/lp64d\libc.a(lib_a-assert.o) (fiprintf)
f:/4_单片机学习/6_risc-v/gnu mcu eclipse/risc-v embedded gcc/8.2.0-2.2-20190521-0004/bin/../lib/gcc/riscv-none-embed/8.2.0/../../../../riscv-none-embed/lib/rv64imafdc/lp64d\libc.a(lib_a-fopen.o)
                              build\kernel\components\libc\compilers\newlib\stdio.o (fopen)
f:/4_单片机学习/6_risc-v/gnu mcu eclipse/risc-v embedded gcc/8.2.0-2.2-20190521-0004/bin/../lib/gcc/riscv-none-embed/8.2.0/../../../../riscv-none-embed/lib/rv64imafdc/lp64d\libc.a(lib_a-fseek.o)
                              f:/4_单片机学习/6_risc-v/gnu mcu eclipse/risc-v embedded gcc/8.2.0-2.2-20190521-0004/bin/../lib/gcc/riscv-none-embed/8.2.0/../../../../riscv-none-embed/lib/rv64imafdc/lp64d\libc.a(lib_a-fopen.o) (_fseek_r)
f:/4_单片机学习/6_risc-v/gnu mcu eclipse/risc-v embedded gcc/8.2.0-2.2-20190521-0004/bin/../lib/gcc/riscv-none-embed/8.2.0/../../../../riscv-none-embed/lib/rv64imafdc/lp64d\libc.a(lib_a-fseeko.o)
                              f:/4_单片机学习/6_risc-v/gnu mcu eclipse/risc-v embedded gcc/8.2.0-2.2-20190521-0004/bin/../lib/gcc/riscv-none-embed/8.2.0/../../../../riscv-none-embed/lib/rv64imafdc/lp64d\libc.a(lib_a-fseek.o) (_fseeko_r)
f:/4_单片机学习/6_risc-v/gnu mcu eclipse/risc-v embedded gcc/8.2.0-2.2-20190521-0004/bin/../lib/gcc/riscv-none-embed/8.2.0/../../../../riscv-none-embed/lib/rv64imafdc/lp64d\libc.a(lib_a-fwalk.o)
                              f:/4_单片机学习/6_risc-v/gnu mcu eclipse/risc-v embedded gcc/8.2.0-2.2-20190521-0004/bin/../lib/gcc/riscv-none-embed/8.2.0/../../../../riscv-none-embed/lib/rv64imafdc/lp64d\libc.a(lib_a-findfp.o) (_fwalk)
f:/4_单片机学习/6_risc-v/gnu mcu eclipse/risc-v embedded gcc/8.2.0-2.2-20190521-0004/bin/../lib/gcc/riscv-none-embed/8.2.0/../../../../riscv-none-embed/lib/rv64imafdc/lp64d\libc.a(lib_a-getchar.o)
                              build\kernel\components\finsh\shell.o (getchar)
f:/4_单片机学习/6_risc-v/gnu mcu eclipse/risc-v embedded gcc/8.2.0-2.2-20190521-0004/bin/../lib/gcc/riscv-none-embed/8.2.0/../../../../riscv-none-embed/lib/rv64imafdc/lp64d\libc.a(lib_a-impure.o)
                              build\kernel\components\libc\compilers\newlib\stdio.o (_global_impure_ptr)
[...]
Memory Configuration

Name             Origin             Length             Attributes
SRAM             0x0000000080000000 0x0000000000600000
*default*        0x0000000000000000 0xffffffffffffffff

Linker script and memory map

LOAD build\applications\main.o
LOAD build\applications\mnt.o
LOAD build\driver\board.o
LOAD build\driver\heap.o
LOAD build\driver\drv_uart.o
LOAD build\driver\drv_io_config.o
LOAD build\driver\drv_interrupt.o
LOAD build\driver\drv_gpio.o
LOAD build\driver\drv_lcd_ili9341.o
LOAD build\driver\drv_spi.o
LOAD build\driver\camera\drv_ov5640.o
LOAD build\kernel\src\clock.o
LOAD build\kernel\src\components.o
LOAD build\kernel\src\cpu.o
LOAD build\kernel\src\device.o
LOAD build\kernel\src\idle.o
LOAD build\kernel\src\ipc.o
LOAD build\kernel\src\irq.o
LOAD build\kernel\src\kservice.o
LOAD build\kernel\src\mempool.o
LOAD build\kernel\src\object.o
LOAD build\kernel\src\scheduler.o
LOAD build\kernel\src\signal.o
LOAD build\kernel\src\slab.o
LOAD build\kernel\src\thread.o
LOAD build\kernel\src\timer.o
LOAD build\kernel\libcpu\risc-v\common\cpuport.o
LOAD build\kernel\libcpu\risc-v\common\context_gcc.o
LOAD build\kernel\libcpu\risc-v\k210\cpuport_smp.o
LOAD build\kernel\libcpu\risc-v\k210\interrupt.o
LOAD build\kernel\libcpu\risc-v\k210\tick.o
LOAD build\kernel\libcpu\risc-v\k210\interrupt_gcc.o
LOAD build\kernel\libcpu\risc-v\k210\startup_gcc.o
LOAD build\kernel\components\dfs\src\dfs.o
LOAD build\kernel\components\dfs\src\dfs_file.o
LOAD build\kernel\components\dfs\src\dfs_fs.o
LOAD build\kernel\components\dfs\src\dfs_posix.o
LOAD build\kernel\components\dfs\src\poll.o
LOAD build\kernel\components\dfs\src\select.o
LOAD build\kernel\components\dfs\filesystems\devfs\devfs.o
LOAD build\kernel\components\dfs\filesystems\elmfat\dfs_elm.o
LOAD build\kernel\components\dfs\filesystems\elmfat\ff.o
LOAD build\kernel\components\dfs\filesystems\elmfat\option\ccsbcs.o
LOAD build\kernel\components\finsh\shell.o
LOAD build\kernel\components\finsh\cmd.o
LOAD build\kernel\components\finsh\msh.o
LOAD build\kernel\components\finsh\msh_file.o
LOAD build\kernel\components\libc\compilers\newlib\libc.o
LOAD build\kernel\components\libc\compilers\newlib\libc_syms.o
LOAD build\kernel\components\libc\compilers\newlib\stdio.o
LOAD build\kernel\components\libc\compilers\newlib\syscalls.o
LOAD build\kernel\components\libc\compilers\newlib\time.o
LOAD build\packages\kendryte-sdk-v0.5.5\kendryte-standalone-sdk\lib\bsp\sleep.o
LOAD build\packages\kendryte-sdk-v0.5.5\kendryte-standalone-sdk\lib\bsp\entry.o
LOAD build\packages\kendryte-sdk-v0.5.5\kendryte-standalone-sdk\lib\bsp\entry_user.o
LOAD build\packages\kendryte-sdk-v0.5.5\kendryte-standalone-sdk\lib\drivers\aes.o
LOAD build\packages\kendryte-sdk-v0.5.5\kendryte-standalone-sdk\lib\drivers\clint.o
LOAD build\packages\kendryte-sdk-v0.5.5\kendryte-standalone-sdk\lib\drivers\dmac.o
LOAD build\packages\kendryte-sdk-v0.5.5\kendryte-standalone-sdk\lib\drivers\dvp.o
LOAD build\packages\kendryte-sdk-v0.5.5\kendryte-standalone-sdk\lib\drivers\fft.o
LOAD build\packages\kendryte-sdk-v0.5.5\kendryte-standalone-sdk\lib\drivers\fpioa.o
LOAD build\packages\kendryte-sdk-v0.5.5\kendryte-standalone-sdk\lib\drivers\gpio.o
LOAD build\packages\kendryte-sdk-v0.5.5\kendryte-standalone-sdk\lib\drivers\gpiohs.o
LOAD build\packages\kendryte-sdk-v0.5.5\kendryte-standalone-sdk\lib\drivers\i2c.o
LOAD build\packages\kendryte-sdk-v0.5.5\kendryte-standalone-sdk\lib\drivers\i2s.o
LOAD build\packages\kendryte-sdk-v0.5.5\kendryte-standalone-sdk\lib\drivers\kpu.o
LOAD build\packages\kendryte-sdk-v0.5.5\kendryte-standalone-sdk\lib\drivers\plic.o
LOAD build\packages\kendryte-sdk-v0.5.5\kendryte-standalone-sdk\lib\drivers\pwm.o
LOAD build\packages\kendryte-sdk-v0.5.5\kendryte-standalone-sdk\lib\drivers\rtc.o
LOAD build\packages\kendryte-sdk-v0.5.5\kendryte-standalone-sdk\lib\drivers\sha256.o
LOAD build\packages\kendryte-sdk-v0.5.5\kendryte-standalone-sdk\lib\drivers\spi.o
LOAD build\packages\kendryte-sdk-v0.5.5\kendryte-standalone-sdk\lib\drivers\sysctl.o
LOAD build\packages\kendryte-sdk-v0.5.5\kendryte-standalone-sdk\lib\drivers\timer.o
LOAD build\packages\kendryte-sdk-v0.5.5\kendryte-standalone-sdk\lib\drivers\uart.o
LOAD build\packages\kendryte-sdk-v0.5.5\kendryte-standalone-sdk\lib\drivers\uarths.o
LOAD build\packages\kendryte-sdk-v0.5.5\kendryte-standalone-sdk\lib\drivers\utils.o
LOAD build\packages\kendryte-sdk-v0.5.5\kendryte-standalone-sdk\lib\drivers\wdt.o
LOAD build\kernel\components\drivers\misc\pin.o
LOAD build\kernel\components\drivers\serial\serial.o
LOAD build\kernel\components\drivers\spi\spi_core.o
LOAD build\kernel\components\drivers\spi\spi_dev.o
LOAD build\kernel\components\drivers\spi\spi_msd.o
LOAD build\kernel\components\drivers\spi\spi_flash_sfud.o
LOAD build\kernel\components\drivers\spi\sfud\src\sfud.o
LOAD build\kernel\components\drivers\spi\sfud\src\sfud_sfdp.o
LOAD build\kernel\components\drivers\src\completion.o
LOAD build\kernel\components\drivers\src\dataqueue.o
LOAD build\kernel\components\drivers\src\pipe.o
LOAD build\kernel\components\drivers\src\ringblk_buf.o
LOAD build\kernel\components\drivers\src\ringbuffer.o
LOAD build\kernel\components\drivers\src\waitqueue.o
LOAD build\kernel\components\drivers\src\workqueue.o
LOAD f:/4_单片机学习/6_risc-v/gnu mcu eclipse/risc-v embedded gcc/8.2.0-2.2-20190521-0004/bin/../lib/gcc/riscv-none-embed/8.2.0/../../../../riscv-none-embed/lib/rv64imafdc/lp64d\libc.a
LOAD f:/4_单片机学习/6_risc-v/gnu mcu eclipse/risc-v embedded gcc/8.2.0-2.2-20190521-0004/bin/../lib/gcc/riscv-none-embed/8.2.0/../../../../riscv-none-embed/lib/rv64imafdc/lp64d\libm.a
LOAD f:/4_单片机学习/6_risc-v/gnu mcu eclipse/risc-v embedded gcc/8.2.0-2.2-20190521-0004/bin/../lib/gcc/riscv-none-embed/8.2.0/rv64imafdc/lp64d\libgcc.a
START GROUP
LOAD f:/4_单片机学习/6_risc-v/gnu mcu eclipse/risc-v embedded gcc/8.2.0-2.2-20190521-0004/bin/../lib/gcc/riscv-none-embed/8.2.0/rv64imafdc/lp64d\libgcc.a
LOAD f:/4_单片机学习/6_risc-v/gnu mcu eclipse/risc-v embedded gcc/8.2.0-2.2-20190521-0004/bin/../lib/gcc/riscv-none-embed/8.2.0/../../../../riscv-none-embed/lib/rv64imafdc/lp64d\libg.a
LOAD f:/4_单片机学习/6_risc-v/gnu mcu eclipse/risc-v embedded gcc/8.2.0-2.2-20190521-0004/bin/../lib/gcc/riscv-none-embed/8.2.0/../../../../riscv-none-embed/lib/rv64imafdc/lp64d\libc.a
END GROUP
LOAD f:/4_单片机学习/6_risc-v/gnu mcu eclipse/risc-v embedded gcc/8.2.0-2.2-20190521-0004/bin/../lib/gcc/riscv-none-embed/8.2.0/rv64imafdc/lp64d\libgcc.a
                0x0000000000001000                __STACKSIZE__ = 0x1000
                0x0000000080000000                . = 0x80000000

.start          0x0000000080000000      0x140
 *(.start)
 .start         0x0000000080000000      0x140 build\kernel\libcpu\risc-v\k210\startup_gcc.o
                0x0000000080000000                _start
                0x0000000080000008                g_wake_up
                0x0000000080000140                . = ALIGN (0x8)

.text           0x0000000080000140    0x29bb8
 *(.text)
 .text          0x0000000080000140       0xfc build\kernel\libcpu\risc-v\common\context_gcc.o
                0x0000000080000140                rt_hw_local_irq_disable
                0x0000000080000146                rt_hw_local_irq_enable
                0x000000008000014c                rt_hw_context_switch_to
                0x000000008000015e                rt_hw_context_switch
                0x00000000800001ba                rt_hw_context_switch_interrupt
                0x00000000800001c8                rt_hw_context_switch_exit
 .text          0x000000008000023c       0xaa f:/4_单片机学习/6_risc-v/gnu mcu eclipse/risc-v embedded gcc/8.2.0-2.2-20190521-0004/bin/../lib/gcc/riscv-none-embed/8.2.0/../../../../riscv-none-embed/lib/rv64imafdc/lp64d\libc.a(lib_a-memset.o)
                0x000000008000023c                memset
 .text          0x00000000800002e6       0xea f:/4_单片机学习/6_risc-v/gnu mcu eclipse/risc-v embedded gcc/8.2.0-2.2-20190521-0004/bin/../lib/gcc/riscv-none-embed/8.2.0/../../../../riscv-none-embed/lib/rv64imafdc/lp64d\libc.a(lib_a-strcmp.o)
                0x00000000800002e6                strcmp
 *(.text.*)
 .text.startup.main
                0x00000000800003d0       0x9e build\applications\main.o
                0x00000000800003d0                main
 .text.mnt_init
                0x000000008000046e       0x4e build\applications\mnt.o
                0x000000008000046e                mnt_init
 .text.rt_hw_cpu_reset
                0x00000000800004bc       0x14 build\driver\board.o
                0x00000000800004bc                rt_hw_cpu_reset
 .text.freq     0x00000000800004d0       0xe0 build\driver\board.o
                0x00000000800004d0                freq
 .text.init_bss
                0x00000000800005b0       0x1e build\driver\board.o
                0x00000000800005b0                init_bss
 .text.primary_cpu_entry
                0x00000000800005ce       0x14 build\driver\board.o
                0x00000000800005ce                primary_cpu_entry
 .text.rt_hw_board_init
                0x00000000800005e2       0x7c build\driver\board.o
                0x00000000800005e2                rt_hw_board_init
 .text.drv_uart_getc
                0x000000008000065e       0x26 build\driver\drv_uart.o
 .text.uart_control
                0x0000000080000684       0x62 build\driver\drv_uart.o
 .text.uart_configure
                0x00000000800006e6      0x11e build\driver\drv_uart.o
 .text.drv_uart_putc
                0x0000000080000804       0x26 build\driver\drv_uart.o
 .text.uart_irq_handler
                0x000000008000082a       0x20 build\driver\drv_uart.o
 .text.rt_hw_uart_init
                0x000000008000084a       0x82 build\driver\drv_uart.o
                0x000000008000084a                rt_hw_uart_init
 .text.print_io_config
                0x00000000800008cc       0x7c build\driver\drv_io_config.o
 .text.io_config_init
                0x0000000080000948       0x4c build\driver\drv_io_config.o
                0x0000000080000948                io_config_init
 .text.plic_irq_handle
                0x0000000080000994       0x3c build\driver\drv_interrupt.o
                0x0000000080000994                plic_irq_handle
 .text.rt_hw_pin_init
                0x00000000800009d0       0x3a build\driver\drv_gpio.o
                0x00000000800009d0                rt_hw_pin_init
 .text.drv_pin_attach_irq
                0x0000000080000a0a       0xf4 build\driver\drv_gpio.o
 .text.pin_irq  0x0000000080000afe      0x13e build\driver\drv_gpio.o
 .text.drv_pin_detach_irq
                0x0000000080000c3c       0x66 build\driver\drv_gpio.o
 .text.drv_pin_irq_enable
                0x0000000080000ca2       0x5e build\driver\drv_gpio.o
 .text.drv_pin_read
                0x0000000080000d00       0x62 build\driver\drv_gpio.o
 .text.drv_pin_write
                0x0000000080000d62       0x54 build\driver\drv_gpio.o
 .text.drv_pin_mode
                0x0000000080000db6       0xe2 build\driver\drv_gpio.o
 .text.drv_lcd_open
                0x0000000080000e98        0x4 build\driver\drv_lcd_ili9341.o
 .text.drv_lcd_close
                0x0000000080000e9c        0x4 build\driver\drv_lcd_ili9341.o
 .text.drv_lcd_read
                0x0000000080000ea0        0x4 build\driver\drv_lcd_ili9341.o
 .text.rt_hw_lcd_init
                0x0000000080000ea4       0x8c build\driver\drv_lcd_ili9341.o
                0x0000000080000ea4                rt_hw_lcd_init
 .text.drv_lcd_data_byte
                0x0000000080000f30       0x5e build\driver\drv_lcd_ili9341.o
 .text.drv_lcd_cmd
                0x0000000080000f8e       0x56 build\driver\drv_lcd_ili9341.o
 .text.drv_lcd_set_area
                0x0000000080000fe4       0x7a build\driver\drv_lcd_ili9341.o
 .text.drv_lcd_data_word
                0x000000008000105e       0x62 build\driver\drv_lcd_ili9341.o
 .text.drv_lcd_write
                0x00000000800010c0        0x4 build\driver\drv_lcd_ili9341.o
 .text.drv_lcd_init
                0x00000000800010c4      0x180 build\driver\drv_lcd_ili9341.o
 .text.drv_lcd_control
                0x0000000080001244      0x298 build\driver\drv_lcd_ili9341.o
 .text.rt_hw_spi_init
                0x00000000800014dc       0x62 build\driver\drv_spi.o
                0x00000000800014dc                rt_hw_spi_init
 .text.drv_spi_configure
                0x000000008000153e       0x92 build\driver\drv_spi.o
 .text.__spi_set_tmod
                0x00000000800015d0       0x5c build\driver\drv_spi.o
                0x00000000800015d0                __spi_set_tmod
 .text.drv_spi_xfer
                0x000000008000162c      0x1e4 build\driver\drv_spi.o
 .text.rt_tick_get
                0x0000000080001810       0x14 build\kernel\src\clock.o
                0x0000000080001810                rt_tick_get
 .text.rt_tick_increase
                0x0000000080001824       0x3a build\kernel\src\clock.o
                0x0000000080001824                rt_tick_increase
 .text.rt_tick_from_millisecond
                0x000000008000185e       0x28 build\kernel\src\clock.o
                0x000000008000185e                rt_tick_from_millisecond
 .text.rti_start
                0x0000000080001886        0x4 build\kernel\src\components.o
 .text.rti_end  0x000000008000188a        0x4 build\kernel\src\components.o
 .text.rti_board_start
                0x000000008000188e        0x4 build\kernel\src\components.o
 .text.rti_board_end
                0x0000000080001892        0x4 build\kernel\src\components.o
 .text.rt_components_board_init
                0x0000000080001896       0x58 build\kernel\src\components.o
                0x0000000080001896                rt_components_board_init
 .text.rt_components_init
                0x00000000800018ee       0x64 build\kernel\src\components.o
                0x00000000800018ee                rt_components_init
 .text.main_thread_entry
                0x0000000080001952       0x14 build\kernel\src\components.o
                0x0000000080001952                main_thread_entry
 .text.rt_application_init
                0x0000000080001966       0x4a build\kernel\src\components.o
                0x0000000080001966                rt_application_init
 .text.rtthread_startup
                0x00000000800019b0       0x40 build\kernel\src\components.o
                0x00000000800019b0                rtthread_startup
 .text.entry    0x00000000800019f0       0x10 build\kernel\src\components.o
                0x00000000800019f0                entry
 .text.rt_cpu_self
                0x0000000080001a00       0x20 build\kernel\src\cpu.o
                0x0000000080001a00                rt_cpu_self
 .text.rt_cpu_index
                0x0000000080001a20       0x14 build\kernel\src\cpu.o
                0x0000000080001a20                rt_cpu_index
 .text.rt_cpus_lock
                0x0000000080001a34       0x54 build\kernel\src\cpu.o
                0x0000000080001a34                rt_cpus_lock
 .text.rt_cpus_unlock
                0x0000000080001a88       0x54 build\kernel\src\cpu.o
                0x0000000080001a88                rt_cpus_unlock
 .text.rt_cpus_lock_status_restore
                0x0000000080001adc       0x40 build\kernel\src\cpu.o
                0x0000000080001adc                rt_cpus_lock_status_restore
 .text.rt_device_unregister
                0x0000000080001b1c       0x76 build\kernel\src\device.o
                0x0000000080001b1c                rt_device_unregister
 .text.rt_device_find
                0x0000000080001b92       0x78 build\kernel\src\device.o
                0x0000000080001b92                rt_device_find
 .text.rt_device_register
                0x0000000080001c0a       0x56 build\kernel\src\device.o
                0x0000000080001c0a                rt_device_register
 .text.rt_device_init
                0x0000000080001c60       0x64 build\kernel\src\device.o
                0x0000000080001c60                rt_device_init
 .text.rt_device_open
                0x0000000080001cc4       0xfa build\kernel\src\device.o
                0x0000000080001cc4                rt_device_open
 .text.rt_device_close
                0x0000000080001dbe       0x7c build\kernel\src\device.o
                0x0000000080001dbe                rt_device_close
 .text.rt_device_read
                0x0000000080001e3a       0x8e build\kernel\src\device.o
                0x0000000080001e3a                rt_device_read
 .text.rt_device_write
                0x0000000080001ec8       0x8e build\kernel\src\device.o
                0x0000000080001ec8                rt_device_write
 .text.rt_device_control
                0x0000000080001f56       0x76 build\kernel\src\device.o
                0x0000000080001f56                rt_device_control
 .text.rt_device_set_rx_indicate
                0x0000000080001fcc       0x58 build\kernel\src\device.o
                0x0000000080001fcc                rt_device_set_rx_indicate
 .text.rt_thread_idle_excute
                0x0000000080002024       0xfc build\kernel\src\idle.o
                0x0000000080002024                rt_thread_idle_excute
 .text.rt_thread_idle_entry
                0x0000000080002120       0x36 build\kernel\src\idle.o
 .text.rt_thread_idle_init
                0x0000000080002156       0xa2 build\kernel\src\idle.o
                0x0000000080002156                rt_thread_idle_init
 .text.rt_ipc_list_resume_all
                0x00000000800021f8       0x3a build\kernel\src\ipc.o
 .text.rt_ipc_list_resume.isra.0
                0x0000000080002232       0x12 build\kernel\src\ipc.o
 .text.rt_ipc_list_suspend
                0x0000000080002244       0x5e build\kernel\src\ipc.o
 .text.rt_sem_init
                0x00000000800022a2       0x76 build\kernel\src\ipc.o
                0x00000000800022a2                rt_sem_init
 .text.rt_sem_take
                0x0000000080002318      0x162 build\kernel\src\ipc.o
                0x0000000080002318                rt_sem_take
 .text.rt_sem_release
                0x000000008000247a       0x94 build\kernel\src\ipc.o
                0x000000008000247a                rt_sem_release
 .text.rt_mutex_init
                0x000000008000250e       0x5a build\kernel\src\ipc.o
                0x000000008000250e                rt_mutex_init
 .text.rt_mutex_detach
                0x0000000080002568       0x7e build\kernel\src\ipc.o
                0x0000000080002568                rt_mutex_detach
 .text.rt_mutex_create
                0x00000000800025e6       0x7a build\kernel\src\ipc.o
                0x00000000800025e6                rt_mutex_create
 .text.rt_mutex_delete
                0x0000000080002660       0xc0 build\kernel\src\ipc.o
                0x0000000080002660                rt_mutex_delete
 .text.rt_mutex_take
                0x0000000080002720      0x1b8 build\kernel\src\ipc.o
                0x0000000080002720                rt_mutex_take
 .text.rt_mutex_release
                0x00000000800028d8      0x184 build\kernel\src\ipc.o
                0x00000000800028d8                rt_mutex_release
 .text.rt_interrupt_enter
                0x0000000080002a5c       0x34 build\kernel\src\irq.o
                0x0000000080002a5c                rt_interrupt_enter
 .text.rt_interrupt_leave
                0x0000000080002a90       0x34 build\kernel\src\irq.o
                0x0000000080002a90                rt_interrupt_leave
 .text.rt_interrupt_get_nest
                0x0000000080002ac4       0x28 build\kernel\src\irq.o
                0x0000000080002ac4                rt_interrupt_get_nest
 .text.print_number
                0x0000000080002aec      0x1a0 build\kernel\src\kservice.o
 .text.rt_set_errno
                0x0000000080002c8c       0x28 build\kernel\src\kservice.o
                0x0000000080002c8c                rt_set_errno
 .text._rt_errno
                0x0000000080002cb4       0x24 build\kernel\src\kservice.o
                0x0000000080002cb4                _rt_errno
 .text.rt_memset
                0x0000000080002cd8       0x86 build\kernel\src\kservice.o
                0x0000000080002cd8                rt_memset
 .text.rt_memcpy
                0x0000000080002d5e       0xca build\kernel\src\kservice.o
                0x0000000080002d5e                rt_memcpy
 .text.rt_memmove
                0x0000000080002e28       0x4a build\kernel\src\kservice.o
                0x0000000080002e28                rt_memmove
 .text.rt_strncpy
                0x0000000080002e72       0x2c build\kernel\src\kservice.o
                0x0000000080002e72                rt_strncpy
 .text.rt_strncmp
                0x0000000080002e9e       0x30 build\kernel\src\kservice.o
                0x0000000080002e9e                rt_strncmp
 .text.rt_strcmp
                0x0000000080002ece       0x1a build\kernel\src\kservice.o
                0x0000000080002ece                rt_strcmp
 .text.rt_strlen
                0x0000000080002ee8       0x12 build\kernel\src\kservice.o
                0x0000000080002ee8                rt_strlen
 .text.rt_strdup
                0x0000000080002efa       0x2e build\kernel\src\kservice.o
                0x0000000080002efa                rt_strdup
 .text.rt_vsnprintf
                0x0000000080002f28      0x3b2 build\kernel\src\kservice.o
                0x0000000080002f28                rt_vsnprintf
 .text.rt_snprintf
                0x00000000800032da       0x1c build\kernel\src\kservice.o
                0x00000000800032da                rt_snprintf
 .text.rt_vsprintf
                0x00000000800032f6        0xa build\kernel\src\kservice.o
                0x00000000800032f6                rt_vsprintf
 .text.rt_sprintf
                0x0000000080003300       0x1e build\kernel\src\kservice.o
                0x0000000080003300                rt_sprintf
 .text.rt_console_get_device
                0x000000008000331e        0xc build\kernel\src\kservice.o
                0x000000008000331e                rt_console_get_device
 .text.rt_console_set_device
                0x000000008000332a       0x46 build\kernel\src\kservice.o
                0x000000008000332a                rt_console_set_device
 .text.rt_hw_console_output
                0x0000000080003370        0x2 build\kernel\src\kservice.o
                0x0000000080003370                rt_hw_console_output
 .text.rt_kprintf
                0x0000000080003372       0x80 build\kernel\src\kservice.o
                0x0000000080003372                rt_kprintf
 .text.rt_show_version
                0x00000000800033f2       0x46 build\kernel\src\kservice.o
                0x00000000800033f2                rt_show_version
 .text.rt_malloc_align
                0x0000000080003438       0x3c build\kernel\src\kservice.o
                0x0000000080003438                rt_malloc_align
 .text.__rt_ffs
                0x0000000080003474       0x5e build\kernel\src\kservice.o
                0x0000000080003474                __rt_ffs
 .text.rt_assert_handler
                0x00000000800034d2       0x40 build\kernel\src\kservice.o
                0x00000000800034d2                rt_assert_handler
 .text.rt_mp_create
                0x0000000080003512       0xf6 build\kernel\src\mempool.o
                0x0000000080003512                rt_mp_create
 .text.rt_mp_free
                0x0000000080003608       0x82 build\kernel\src\mempool.o
                0x0000000080003608                rt_mp_free
 .text.rt_object_get_information
                0x000000008000368a       0x2a build\kernel\src\object.o
                0x000000008000368a                rt_object_get_information
 .text.rt_object_init
                0x00000000800036b4       0xca build\kernel\src\object.o
                0x00000000800036b4                rt_object_init
 .text.rt_object_detach
                0x000000008000377e       0x54 build\kernel\src\object.o
                0x000000008000377e                rt_object_detach
 .text.rt_object_allocate
                0x00000000800037d2       0xcc build\kernel\src\object.o
                0x00000000800037d2                rt_object_allocate
 .text.rt_object_delete
                0x000000008000389e       0x7a build\kernel\src\object.o
                0x000000008000389e                rt_object_delete
 .text.rt_object_is_systemobject
                0x0000000080003918       0x32 build\kernel\src\object.o
                0x0000000080003918                rt_object_is_systemobject
 .text.rt_object_get_type
                0x000000008000394a       0x32 build\kernel\src\object.o
                0x000000008000394a                rt_object_get_type
 .text._get_highest_priority_thread
                0x000000008000397c       0x60 build\kernel\src\scheduler.o
 .text._rt_scheduler_stack_check
                0x00000000800039dc       0x7c build\kernel\src\scheduler.o
 .text.rt_system_scheduler_init
                0x0000000080003a58       0x86 build\kernel\src\scheduler.o
                0x0000000080003a58                rt_system_scheduler_init
 .text.rt_schedule_insert_thread
                0x0000000080003ade      0x106 build\kernel\src\scheduler.o
                0x0000000080003ade                rt_schedule_insert_thread
 .text.rt_schedule_remove_thread
                0x0000000080003be4       0xac build\kernel\src\scheduler.o
                0x0000000080003be4                rt_schedule_remove_thread
 .text.rt_system_scheduler_start
                0x0000000080003c90       0x34 build\kernel\src\scheduler.o
                0x0000000080003c90                rt_system_scheduler_start
 .text.rt_schedule
                0x0000000080003cc4      0x12a build\kernel\src\scheduler.o
                0x0000000080003cc4                rt_schedule
 .text.rt_scheduler_do_irq_switch
                0x0000000080003dee      0x124 build\kernel\src\scheduler.o
                0x0000000080003dee                rt_scheduler_do_irq_switch
 .text.rt_enter_critical
                0x0000000080003f12       0x4c build\kernel\src\scheduler.o
                0x0000000080003f12                rt_enter_critical
 .text.rt_exit_critical
                0x0000000080003f5e       0x62 build\kernel\src\scheduler.o
                0x0000000080003f5e                rt_exit_critical
 .text.rt_signal_check
                0x0000000080003fc0       0x70 build\kernel\src\signal.o
                0x0000000080003fc0                rt_signal_check
 .text.rt_thread_handle_sig
                0x0000000080004030       0xd2 build\kernel\src\signal.o
                0x0000000080004030                rt_thread_handle_sig
 .text._signal_entry
                0x0000000080004102       0x4a build\kernel\src\signal.o
 .text.rt_thread_free_sig
                0x000000008000414c       0x54 build\kernel\src\signal.o
                0x000000008000414c                rt_thread_free_sig
 .text.rt_system_signal_init
                0x00000000800041a0       0x64 build\kernel\src\signal.o
                0x00000000800041a0                rt_system_signal_init
 .text.zoneindex
                0x0000000080004204       0xde build\kernel\src\slab.o
 .text.list_mem
                0x00000000800042e2       0x56 build\kernel\src\slab.o
                0x00000000800042e2                list_mem
 .text.rt_page_alloc
                0x0000000080004338       0x64 build\kernel\src\slab.o
                0x0000000080004338                rt_page_alloc
 .text.rt_page_free
                0x000000008000439c      0x138 build\kernel\src\slab.o
                0x000000008000439c                rt_page_free
 .text.rt_system_heap_init
                0x00000000800044d4      0x194 build\kernel\src\slab.o
                0x00000000800044d4                rt_system_heap_init
 .text.rt_malloc
                0x0000000080004668      0x2c4 build\kernel\src\slab.o
                0x0000000080004668                rt_malloc
 .text.rt_calloc
                0x000000008000492c       0x28 build\kernel\src\slab.o
                0x000000008000492c                rt_calloc
 .text.rt_free  0x0000000080004954      0x202 build\kernel\src\slab.o
                0x0000000080004954                rt_free
 .text.rt_realloc
                0x0000000080004b56       0xde build\kernel\src\slab.o
                0x0000000080004b56                rt_realloc
 .text._rt_thread_init.isra.0
                0x0000000080004c34       0xee build\kernel\src\thread.o
 .text.rt_thread_timeout
                0x0000000080004d22       0x8e build\kernel\src\thread.o
                0x0000000080004d22                rt_thread_timeout
 .text.rt_thread_init
                0x0000000080004db0       0x88 build\kernel\src\thread.o
                0x0000000080004db0                rt_thread_init
 .text.rt_thread_self
                0x0000000080004e38       0x26 build\kernel\src\thread.o
                0x0000000080004e38                rt_thread_self
 .text.rt_thread_exit
                0x0000000080004e5e       0x6e build\kernel\src\thread.o
                0x0000000080004e5e                rt_thread_exit
 .text.rt_thread_create
                0x0000000080004ecc       0x5e build\kernel\src\thread.o
                0x0000000080004ecc                rt_thread_create
 .text.rt_thread_delete
                0x0000000080004f2a       0xb0 build\kernel\src\thread.o
                0x0000000080004f2a                rt_thread_delete
 .text.rt_thread_yield
                0x0000000080004fda       0x10 build\kernel\src\thread.o
                0x0000000080004fda                rt_thread_yield
 .text.rt_thread_suspend
                0x0000000080004fea       0xca build\kernel\src\thread.o
                0x0000000080004fea                rt_thread_suspend
 .text.rt_thread_sleep
                0x00000000800050b4       0x94 build\kernel\src\thread.o
                0x00000000800050b4                rt_thread_sleep
 .text.rt_thread_delay
                0x0000000080005148        0x4 build\kernel\src\thread.o
                0x0000000080005148                rt_thread_delay
 .text.rt_thread_mdelay
                0x000000008000514c       0x12 build\kernel\src\thread.o
                0x000000008000514c                rt_thread_mdelay
 .text.rt_thread_resume
                0x000000008000515e       0x9e build\kernel\src\thread.o
                0x000000008000515e                rt_thread_resume
 .text.rt_thread_startup
                0x00000000800051fc       0x96 build\kernel\src\thread.o
                0x00000000800051fc                rt_thread_startup
 .text.rt_thread_control
                0x0000000080005292      0x104 build\kernel\src\thread.o
                0x0000000080005292                rt_thread_control
 .text._rt_timer_remove.part.1
                0x0000000080005396       0x12 build\kernel\src\timer.o
 .text.rt_timer_init
                0x00000000800053a8       0x70 build\kernel\src\timer.o
                0x00000000800053a8                rt_timer_init
 .text.rt_timer_detach
                0x0000000080005418       0x8c build\kernel\src\timer.o
                0x0000000080005418                rt_timer_detach
 .text.rt_timer_start
                0x00000000800054a4      0x110 build\kernel\src\timer.o
                0x00000000800054a4                rt_timer_start
 .text.rt_timer_stop
                0x00000000800055b4       0x8a build\kernel\src\timer.o
                0x00000000800055b4                rt_timer_stop
 .text.rt_timer_control
                0x000000008000563e       0xaa build\kernel\src\timer.o
                0x000000008000563e                rt_timer_control
 .text.rt_timer_check
                0x00000000800056e8       0xba build\kernel\src\timer.o
                0x00000000800056e8                rt_timer_check
 .text.rt_system_timer_init
                0x00000000800057a2        0xe build\kernel\src\timer.o
                0x00000000800057a2                rt_system_timer_init
 .text.rt_system_timer_thread_init
                0x00000000800057b0        0x2 build\kernel\src\timer.o
                0x00000000800057b0                rt_system_timer_thread_init
 .text.rt_hw_stack_init
                0x00000000800057b2       0x36 build\kernel\libcpu\risc-v\common\cpuport.o
                0x00000000800057b2                rt_hw_stack_init
 .text.rt_hw_cpu_id
                0x00000000800057e8        0x8 build\kernel\libcpu\risc-v\k210\cpuport_smp.o
                0x00000000800057e8                rt_hw_cpu_id
 .text.rt_hw_spin_lock
                0x00000000800057f0       0x12 build\kernel\libcpu\risc-v\k210\cpuport_smp.o
                0x00000000800057f0                rt_hw_spin_lock
 .text.rt_hw_spin_unlock
                0x0000000080005802        0xc build\kernel\libcpu\risc-v\k210\cpuport_smp.o
                0x0000000080005802                rt_hw_spin_unlock
 .text.rt_hw_ipi_send
                0x000000008000580e       0x32 build\kernel\libcpu\risc-v\k210\cpuport_smp.o
                0x000000008000580e                rt_hw_ipi_send
 .text.rt_hw_secondary_cpu_up
                0x0000000080005840       0x14 build\kernel\libcpu\risc-v\k210\cpuport_smp.o
                0x0000000080005840                rt_hw_secondary_cpu_up
 .text.secondary_cpu_c_start
                0x0000000080005854       0x30 build\kernel\libcpu\risc-v\k210\cpuport_smp.o
                0x0000000080005854                secondary_cpu_c_start
 .text.rt_hw_secondary_cpu_idle_exec
                0x0000000080005884        0x6 build\kernel\libcpu\risc-v\k210\cpuport_smp.o
                0x0000000080005884                rt_hw_secondary_cpu_idle_exec
 .text.rt_hw_interrupt_handle
                0x000000008000588a       0x1a build\kernel\libcpu\risc-v\k210\interrupt.o
 .text.rt_hw_clint_ipi_enable
                0x00000000800058a4        0x8 build\kernel\libcpu\risc-v\k210\interrupt.o
                0x00000000800058a4                rt_hw_clint_ipi_enable
 .text.rt_hw_plic_irq_enable
                0x00000000800058ac       0x36 build\kernel\libcpu\risc-v\k210\interrupt.o
                0x00000000800058ac                rt_hw_plic_irq_enable
 .text.rt_hw_plic_irq_disable
                0x00000000800058e2       0x3a build\kernel\libcpu\risc-v\k210\interrupt.o
                0x00000000800058e2                rt_hw_plic_irq_disable
 .text.rt_hw_interrupt_init
                0x000000008000591c       0xa2 build\kernel\libcpu\risc-v\k210\interrupt.o
                0x000000008000591c                rt_hw_interrupt_init
 .text.rt_hw_scondary_interrupt_init
                0x00000000800059be       0x48 build\kernel\libcpu\risc-v\k210\interrupt.o
                0x00000000800059be                rt_hw_scondary_interrupt_init
 .text.rt_hw_interrupt_mask
                0x0000000080005a06        0x4 build\kernel\libcpu\risc-v\k210\interrupt.o
                0x0000000080005a06                rt_hw_interrupt_mask
 .text.rt_hw_interrupt_umask
                0x0000000080005a0a       0x1a build\kernel\libcpu\risc-v\k210\interrupt.o
                0x0000000080005a0a                rt_hw_interrupt_umask
 .text.rt_hw_interrupt_install
                0x0000000080005a24       0x22 build\kernel\libcpu\risc-v\k210\interrupt.o
                0x0000000080005a24                rt_hw_interrupt_install
 .text.handle_irq_m_ext
                0x0000000080005a46       0xb2 build\kernel\libcpu\risc-v\k210\interrupt.o
                0x0000000080005a46                handle_irq_m_ext
 .text.print_stack_frame
                0x0000000080005af8      0x29a build\kernel\libcpu\risc-v\k210\interrupt.o
                0x0000000080005af8                print_stack_frame
 .text.handle_trap
                0x0000000080005d92      0x140 build\kernel\libcpu\risc-v\k210\interrupt.o
                0x0000000080005d92                handle_trap
 .text.tick_isr
                0x0000000080005ed2       0x52 build\kernel\libcpu\risc-v\k210\tick.o
                0x0000000080005ed2                tick_isr
 .text.rt_hw_tick_init
                0x0000000080005f24       0x84 build\kernel\libcpu\risc-v\k210\tick.o
                0x0000000080005f24                rt_hw_tick_init
 .text.entry    0x0000000080005fa8       0x86 build\kernel\libcpu\risc-v\k210\interrupt_gcc.o
                0x0000000080005fa8                trap_entry
 .text.list_fd  0x000000008000602e      0x130 build\kernel\components\dfs\src\dfs.o
                0x000000008000602e                list_fd
 .text.dfs_init
                0x000000008000615e       0xb6 build\kernel\components\dfs\src\dfs.o
                0x000000008000615e                dfs_init
 .text.dfs_lock
                0x0000000080006214       0x4a build\kernel\components\dfs\src\dfs.o
                0x0000000080006214                dfs_lock
 .text.dfs_unlock
                0x000000008000625e        0xc build\kernel\components\dfs\src\dfs.o
                0x000000008000625e                dfs_unlock
 .text.fd_new   0x000000008000626a      0x112 build\kernel\components\dfs\src\dfs.o
                0x000000008000626a                fd_new
 .text.fd_get   0x000000008000637c       0x66 build\kernel\components\dfs\src\dfs.o
                0x000000008000637c                fd_get
 .text.fd_put   0x00000000800063e2       0x7a build\kernel\components\dfs\src\dfs.o
                0x00000000800063e2                fd_put
 .text.dfs_subdir
                0x000000008000645c       0x3e build\kernel\components\dfs\src\dfs.o
                0x000000008000645c                dfs_subdir
 .text.dfs_normalize_path
                0x000000008000649a      0x16c build\kernel\components\dfs\src\dfs.o
                0x000000008000649a                dfs_normalize_path
 .text.fd_is_open
                0x0000000080006606       0xb8 build\kernel\components\dfs\src\dfs.o
                0x0000000080006606                fd_is_open
 .text.dfs_file_open
                0x00000000800066be       0xe0 build\kernel\components\dfs\src\dfs_file.o
                0x00000000800066be                dfs_file_open
 .text.dfs_file_close
                0x000000008000679e       0x36 build\kernel\components\dfs\src\dfs_file.o
                0x000000008000679e                dfs_file_close
 .text.dfs_file_read
                0x00000000800067d4       0x36 build\kernel\components\dfs\src\dfs_file.o
                0x00000000800067d4                dfs_file_read
 .text.cat      0x000000008000680a       0x72 build\kernel\components\dfs\src\dfs_file.o
                0x000000008000680a                cat
 .text.dfs_file_getdents
                0x000000008000687c       0x24 build\kernel\components\dfs\src\dfs_file.o
                0x000000008000687c                dfs_file_getdents
 .text.dfs_file_unlink
                0x00000000800068a0       0x84 build\kernel\components\dfs\src\dfs_file.o
                0x00000000800068a0                dfs_file_unlink
 .text.rm       0x0000000080006924       0x26 build\kernel\components\dfs\src\dfs_file.o
                0x0000000080006924                rm
 .text.dfs_file_write
                0x000000008000694a       0x18 build\kernel\components\dfs\src\dfs_file.o
                0x000000008000694a                dfs_file_write
 .text.copyfile
                0x0000000080006962       0xd0 build\kernel\components\dfs\src\dfs_file.o
 .text.dfs_file_lseek
                0x0000000080006a32       0x2e build\kernel\components\dfs\src\dfs_file.o
                0x0000000080006a32                dfs_file_lseek
 .text.dfs_file_stat
                0x0000000080006a60       0xfe build\kernel\components\dfs\src\dfs_file.o
                0x0000000080006a60                dfs_file_stat
 .text.ls       0x0000000080006b5e      0x136 build\kernel\components\dfs\src\dfs_file.o
                0x0000000080006b5e                ls
 .text.copydir  0x0000000080006c94      0x13a build\kernel\components\dfs\src\dfs_file.o
 .text.copy     0x0000000080006dce      0x10e build\kernel\components\dfs\src\dfs_file.o
                0x0000000080006dce                copy
 .text.dfs_file_rename
                0x0000000080006edc       0x9c build\kernel\components\dfs\src\dfs_file.o
                0x0000000080006edc                dfs_file_rename
 .text.dfs_register
                0x0000000080006f78       0x98 build\kernel\components\dfs\src\dfs_fs.o
                0x0000000080006f78                dfs_register
 .text.dfs_filesystem_lookup
                0x0000000080007010       0xcc build\kernel\components\dfs\src\dfs_fs.o
                0x0000000080007010                dfs_filesystem_lookup
 .text.dfs_mount
                0x00000000800070dc      0x1a2 build\kernel\components\dfs\src\dfs_fs.o
                0x00000000800070dc                dfs_mount
 .text.dfs_mkfs
                0x000000008000727e      0x100 build\kernel\components\dfs\src\dfs_fs.o
                0x000000008000727e                dfs_mkfs
 .text.mkfs     0x000000008000737e        0x4 build\kernel\components\dfs\src\dfs_fs.o
                0x000000008000737e                mkfs
 .text.dfs_statfs
                0x0000000080007382       0x26 build\kernel\components\dfs\src\dfs_fs.o
                0x0000000080007382                dfs_statfs
 .text.df       0x00000000800073a8       0xac build\kernel\components\dfs\src\dfs_fs.o
                0x00000000800073a8                df
 .text.mkdir    0x0000000080007454       0x6c build\kernel\components\dfs\src\dfs_posix.o
                0x0000000080007454                mkdir
 .text.open     0x00000000800074c0       0x68 build\kernel\components\dfs\src\dfs_posix.o
                0x00000000800074c0                open
 .text.close    0x0000000080007528       0x40 build\kernel\components\dfs\src\dfs_posix.o
                0x0000000080007528                close
 .text.read     0x0000000080007568       0x46 build\kernel\components\dfs\src\dfs_posix.o
                0x0000000080007568                read
 .text.write    0x00000000800075ae       0x46 build\kernel\components\dfs\src\dfs_posix.o
                0x00000000800075ae                write
 .text.lseek    0x00000000800075f4       0x70 build\kernel\components\dfs\src\dfs_posix.o
                0x00000000800075f4                lseek
 .text.rename   0x0000000080007664       0x1c build\kernel\components\dfs\src\dfs_posix.o
                0x0000000080007664                rename
 .text.unlink   0x0000000080007680       0x1c build\kernel\components\dfs\src\dfs_posix.o
                0x0000000080007680                unlink
 .text.opendir  0x000000008000769c       0x84 build\kernel\components\dfs\src\dfs_posix.o
                0x000000008000769c                opendir
 .text.readdir  0x0000000080007720       0x82 build\kernel\components\dfs\src\dfs_posix.o
                0x0000000080007720                readdir
 .text.rewinddir
                0x00000000800077a2       0x42 build\kernel\components\dfs\src\dfs_posix.o
                0x00000000800077a2                rewinddir
 .text.closedir
                0x00000000800077e4       0x4c build\kernel\components\dfs\src\dfs_posix.o
                0x00000000800077e4                closedir
 .text.chdir    0x0000000080007830       0x88 build\kernel\components\dfs\src\dfs_posix.o
                0x0000000080007830                chdir
 .text.getcwd   0x00000000800078b8       0x2c build\kernel\components\dfs\src\dfs_posix.o
                0x00000000800078b8                getcwd
 .text.dfs_device_fs_mount
                0x00000000800078e4        0x4 build\kernel\components\dfs\filesystems\devfs\devfs.o
                0x00000000800078e4                dfs_device_fs_mount
 .text.dfs_device_fs_poll
                0x00000000800078e8        0x4 build\kernel\components\dfs\filesystems\devfs\devfs.o
 .text.dfs_device_fs_ioctl
                0x00000000800078ec       0x5e build\kernel\components\dfs\filesystems\devfs\devfs.o
                0x00000000800078ec                dfs_device_fs_ioctl
 .text.dfs_device_fs_read
                0x000000008000794a       0x6a build\kernel\components\dfs\filesystems\devfs\devfs.o
                0x000000008000794a                dfs_device_fs_read
 .text.dfs_device_fs_write
                0x00000000800079b4       0x6a build\kernel\components\dfs\filesystems\devfs\devfs.o
                0x00000000800079b4                dfs_device_fs_write
 .text.dfs_device_fs_open
                0x0000000080007a1e       0xfe build\kernel\components\dfs\filesystems\devfs\devfs.o
                0x0000000080007a1e                dfs_device_fs_open
 .text.dfs_device_fs_getdents
                0x0000000080007b1c       0xb4 build\kernel\components\dfs\filesystems\devfs\devfs.o
                0x0000000080007b1c                dfs_device_fs_getdents
 .text.dfs_device_fs_close
                0x0000000080007bd0       0x88 build\kernel\components\dfs\filesystems\devfs\devfs.o
                0x0000000080007bd0                dfs_device_fs_close
 .text.dfs_device_fs_stat
                0x0000000080007c58       0x82 build\kernel\components\dfs\filesystems\devfs\devfs.o
                0x0000000080007c58                dfs_device_fs_stat
 .text.devfs_init
                0x0000000080007cda       0x18 build\kernel\components\dfs\filesystems\devfs\devfs.o
                0x0000000080007cda                devfs_init
 .text.dfs_elm_statfs
                0x0000000080007cf2       0xae build\kernel\components\dfs\filesystems\elmfat\dfs_elm.o
                0x0000000080007cf2                dfs_elm_statfs
 .text.dfs_elm_open
                0x0000000080007da0      0x13e build\kernel\components\dfs\filesystems\elmfat\dfs_elm.o
                0x0000000080007da0                dfs_elm_open
 .text.dfs_elm_close
                0x0000000080007ede       0x8e build\kernel\components\dfs\filesystems\elmfat\dfs_elm.o
                0x0000000080007ede                dfs_elm_close
 .text.dfs_elm_ioctl
                0x0000000080007f6c       0x80 build\kernel\components\dfs\filesystems\elmfat\dfs_elm.o
                0x0000000080007f6c                dfs_elm_ioctl
 .text.dfs_elm_read
                0x0000000080007fec       0x80 build\kernel\components\dfs\filesystems\elmfat\dfs_elm.o
                0x0000000080007fec                dfs_elm_read
 .text.dfs_elm_write
                0x000000008000806c       0x84 build\kernel\components\dfs\filesystems\elmfat\dfs_elm.o
                0x000000008000806c                dfs_elm_write
 .text.dfs_elm_flush
                0x00000000800080f0       0x4e build\kernel\components\dfs\filesystems\elmfat\dfs_elm.o
                0x00000000800080f0                dfs_elm_flush
 .text.dfs_elm_lseek
                0x000000008000813e       0xb8 build\kernel\components\dfs\filesystems\elmfat\dfs_elm.o
                0x000000008000813e                dfs_elm_lseek
 .text.dfs_elm_getdents
                0x00000000800081f6      0x126 build\kernel\components\dfs\filesystems\elmfat\dfs_elm.o
                0x00000000800081f6                dfs_elm_getdents
 .text.dfs_elm_unlink
                0x000000008000831c       0x70 build\kernel\components\dfs\filesystems\elmfat\dfs_elm.o
                0x000000008000831c                dfs_elm_unlink
 .text.dfs_elm_rename
                0x000000008000838c       0x78 build\kernel\components\dfs\filesystems\elmfat\dfs_elm.o
                0x000000008000838c                dfs_elm_rename
 .text.dfs_elm_stat
                0x0000000080008404       0xee build\kernel\components\dfs\filesystems\elmfat\dfs_elm.o
                0x0000000080008404                dfs_elm_stat
 .text.elm_init
                0x00000000800084f2       0x18 build\kernel\components\dfs\filesystems\elmfat\dfs_elm.o
                0x00000000800084f2                elm_init
 .text.get_disk.part.0
                0x000000008000850a       0x20 build\kernel\components\dfs\filesystems\elmfat\dfs_elm.o
 .text.dfs_elm_mount
                0x000000008000852a      0x124 build\kernel\components\dfs\filesystems\elmfat\dfs_elm.o
                0x000000008000852a                dfs_elm_mount
 .text.dfs_elm_unmount
                0x000000008000864e       0xa2 build\kernel\components\dfs\filesystems\elmfat\dfs_elm.o
                0x000000008000864e                dfs_elm_unmount
 .text.dfs_elm_mkfs
                0x00000000800086f0      0x13c build\kernel\components\dfs\filesystems\elmfat\dfs_elm.o
                0x00000000800086f0                dfs_elm_mkfs
 .text.disk_initialize
                0x000000008000882c        0x4 build\kernel\components\dfs\filesystems\elmfat\dfs_elm.o
                0x000000008000882c                disk_initialize
 .text.disk_status
                0x0000000080008830        0x4 build\kernel\components\dfs\filesystems\elmfat\dfs_elm.o
                0x0000000080008830                disk_status
 .text.disk_read
                0x0000000080008834       0x36 build\kernel\components\dfs\filesystems\elmfat\dfs_elm.o
                0x0000000080008834                disk_read
 .text.disk_write
                0x000000008000886a       0x36 build\kernel\components\dfs\filesystems\elmfat\dfs_elm.o
                0x000000008000886a                disk_write
 .text.disk_ioctl
                0x00000000800088a0       0xc6 build\kernel\components\dfs\filesystems\elmfat\dfs_elm.o
                0x00000000800088a0                disk_ioctl
 .text.get_fattime
                0x0000000080008966       0x54 build\kernel\components\dfs\filesystems\elmfat\dfs_elm.o
                0x0000000080008966                get_fattime
 .text.ff_cre_syncobj
                0x00000000800089ba       0x34 build\kernel\components\dfs\filesystems\elmfat\dfs_elm.o
                0x00000000800089ba                ff_cre_syncobj
 .text.ff_del_syncobj
                0x00000000800089ee       0x16 build\kernel\components\dfs\filesystems\elmfat\dfs_elm.o
                0x00000000800089ee                ff_del_syncobj
 .text.ff_req_grant
                0x0000000080008a04       0x16 build\kernel\components\dfs\filesystems\elmfat\dfs_elm.o
                0x0000000080008a04                ff_req_grant
 .text.ff_rel_grant
                0x0000000080008a1a        0x4 build\kernel\components\dfs\filesystems\elmfat\dfs_elm.o
                0x0000000080008a1a                ff_rel_grant
 .text.ff_memalloc
                0x0000000080008a1e        0x8 build\kernel\components\dfs\filesystems\elmfat\dfs_elm.o
                0x0000000080008a1e                ff_memalloc
 .text.ff_memfree
                0x0000000080008a26        0x4 build\kernel\components\dfs\filesystems\elmfat\dfs_elm.o
                0x0000000080008a26                ff_memfree
 .text.ld_dword
                0x0000000080008a2a       0x1e build\kernel\components\dfs\filesystems\elmfat\ff.o
 .text.st_dword
                0x0000000080008a48       0x1c build\kernel\components\dfs\filesystems\elmfat\ff.o
 .text.mem_set  0x0000000080008a64       0x12 build\kernel\components\dfs\filesystems\elmfat\ff.o
 .text.clust2sect
                0x0000000080008a76       0x1c build\kernel\components\dfs\filesystems\elmfat\ff.o
 .text.clmt_clust
                0x0000000080008a92       0x2a build\kernel\components\dfs\filesystems\elmfat\ff.o
 .text.sum_sfn  0x0000000080008abc       0x22 build\kernel\components\dfs\filesystems\elmfat\ff.o
 .text.get_ldnumber
                0x0000000080008ade       0x4c build\kernel\components\dfs\filesystems\elmfat\ff.o
 .text.mem_cpy.part.0
                0x0000000080008b2a       0x1e build\kernel\components\dfs\filesystems\elmfat\ff.o
 .text.ld_clust.isra.1
                0x0000000080008b48       0x2a build\kernel\components\dfs\filesystems\elmfat\ff.o
 .text.st_clust.isra.2
                0x0000000080008b72       0x36 build\kernel\components\dfs\filesystems\elmfat\ff.o
 .text.validate
                0x0000000080008ba8       0x5c build\kernel\components\dfs\filesystems\elmfat\ff.o
 .text.sync_window.part.5
                0x0000000080008c04       0x6e build\kernel\components\dfs\filesystems\elmfat\ff.o
 .text.sync_window
                0x0000000080008c72        0xe build\kernel\components\dfs\filesystems\elmfat\ff.o
 .text.move_window
                0x0000000080008c80       0x4c build\kernel\components\dfs\filesystems\elmfat\ff.o
 .text.check_fs
                0x0000000080008ccc       0xa0 build\kernel\components\dfs\filesystems\elmfat\ff.o
 .text.find_volume
                0x0000000080008d6c      0x366 build\kernel\components\dfs\filesystems\elmfat\ff.o
 .text.put_fat  0x00000000800090d2      0x184 build\kernel\components\dfs\filesystems\elmfat\ff.o
 .text.get_fat.isra.9
                0x0000000080009256      0x11c build\kernel\components\dfs\filesystems\elmfat\ff.o
 .text.dir_sdi  0x0000000080009372       0xe0 build\kernel\components\dfs\filesystems\elmfat\ff.o
 .text.create_chain
                0x0000000080009452       0xe6 build\kernel\components\dfs\filesystems\elmfat\ff.o
 .text.remove_chain
                0x0000000080009538       0xa2 build\kernel\components\dfs\filesystems\elmfat\ff.o
 .text.sync_fs  0x00000000800095da       0xc0 build\kernel\components\dfs\filesystems\elmfat\ff.o
 .text.unlock_fs
                0x000000008000969a       0x1a build\kernel\components\dfs\filesystems\elmfat\ff.o
 .text.get_fileinfo
                0x00000000800096b4      0x150 build\kernel\components\dfs\filesystems\elmfat\ff.o
 .text.dir_next
                0x0000000080009804      0x134 build\kernel\components\dfs\filesystems\elmfat\ff.o
 .text.dir_remove
                0x0000000080009938       0x6e build\kernel\components\dfs\filesystems\elmfat\ff.o
 .text.dir_find
                0x00000000800099a6      0x1ec build\kernel\components\dfs\filesystems\elmfat\ff.o
 .text.dir_register
                0x0000000080009b92      0x30c build\kernel\components\dfs\filesystems\elmfat\ff.o
 .text.dir_read.constprop.13
                0x0000000080009e9e      0x17e build\kernel\components\dfs\filesystems\elmfat\ff.o
 .text.follow_path
                0x000000008000a01c      0x36c build\kernel\components\dfs\filesystems\elmfat\ff.o
 .text.f_mount  0x000000008000a388       0xa2 build\kernel\components\dfs\filesystems\elmfat\ff.o
                0x000000008000a388                f_mount
 .text.f_open   0x000000008000a42a      0x260 build\kernel\components\dfs\filesystems\elmfat\ff.o
                0x000000008000a42a                f_open
 .text.f_read   0x000000008000a68a      0x23a build\kernel\components\dfs\filesystems\elmfat\ff.o
                0x000000008000a68a                f_read
 .text.f_write  0x000000008000a8c4      0x27e build\kernel\components\dfs\filesystems\elmfat\ff.o
                0x000000008000a8c4                f_write
 .text.f_sync   0x000000008000ab42       0xd6 build\kernel\components\dfs\filesystems\elmfat\ff.o
                0x000000008000ab42                f_sync
 .text.f_close  0x000000008000ac18       0x3a build\kernel\components\dfs\filesystems\elmfat\ff.o
                0x000000008000ac18                f_close
 .text.f_lseek  0x000000008000ac52      0x2ca build\kernel\components\dfs\filesystems\elmfat\ff.o
                0x000000008000ac52                f_lseek
 .text.f_opendir
                0x000000008000af1c       0xb4 build\kernel\components\dfs\filesystems\elmfat\ff.o
                0x000000008000af1c                f_opendir
 .text.f_readdir
                0x000000008000afd0       0x96 build\kernel\components\dfs\filesystems\elmfat\ff.o
                0x000000008000afd0                f_readdir
 .text.f_seekdir
                0x000000008000b066       0x52 build\kernel\components\dfs\filesystems\elmfat\ff.o
                0x000000008000b066                f_seekdir
 .text.f_stat   0x000000008000b0b8       0x7a build\kernel\components\dfs\filesystems\elmfat\ff.o
                0x000000008000b0b8                f_stat
 .text.f_getfree
                0x000000008000b132      0x12a build\kernel\components\dfs\filesystems\elmfat\ff.o
                0x000000008000b132                f_getfree
 .text.f_truncate
                0x000000008000b25c       0xf2 build\kernel\components\dfs\filesystems\elmfat\ff.o
                0x000000008000b25c                f_truncate
 .text.f_unlink
                0x000000008000b34e       0xe4 build\kernel\components\dfs\filesystems\elmfat\ff.o
                0x000000008000b34e                f_unlink
 .text.f_mkdir  0x000000008000b432      0x1c4 build\kernel\components\dfs\filesystems\elmfat\ff.o
                0x000000008000b432                f_mkdir
 .text.f_rename
                0x000000008000b5f6      0x15e build\kernel\components\dfs\filesystems\elmfat\ff.o
                0x000000008000b5f6                f_rename
 .text.f_mkfs   0x000000008000b754      0x640 build\kernel\components\dfs\filesystems\elmfat\ff.o
                0x000000008000b754                f_mkfs
 .text.elm_get_vol
                0x000000008000bd94       0x20 build\kernel\components\dfs\filesystems\elmfat\ff.o
                0x000000008000bd94                elm_get_vol
 .text.ff_convert
                0x000000008000bdb4       0x5c build\kernel\components\dfs\filesystems\elmfat\option\ccsbcs.o
                0x000000008000bdb4                ff_convert
 .text.ff_wtoupper
                0x000000008000be10       0xa2 build\kernel\components\dfs\filesystems\elmfat\option\ccsbcs.o
                0x000000008000be10                ff_wtoupper
 .text.finsh_get_prompt
                0x000000008000beb2       0xb0 build\kernel\components\finsh\shell.o
                0x000000008000beb2                finsh_get_prompt
 .text.shell_handle_history
                0x000000008000bf62       0x34 build\kernel\components\finsh\shell.o
 .text.finsh_thread_entry
                0x000000008000bf96      0x43c build\kernel\components\finsh\shell.o
                0x000000008000bf96                finsh_thread_entry
 .text.finsh_set_prompt_mode
                0x000000008000c3d2       0x4c build\kernel\components\finsh\shell.o
                0x000000008000c3d2                finsh_set_prompt_mode
 .text.finsh_system_init
                0x000000008000c41e       0xc0 build\kernel\components\finsh\shell.o
                0x000000008000c41e                finsh_system_init
 .text.rt_list_len
                0x000000008000c4de       0x12 build\kernel\components\finsh\cmd.o
 .text.hello    0x000000008000c4f0       0x18 build\kernel\components\finsh\cmd.o
                0x000000008000c4f0                hello
 .text.clear    0x000000008000c508       0x18 build\kernel\components\finsh\cmd.o
                0x000000008000c508                clear
 .text.show_wait_queue
                0x000000008000c520       0x4c build\kernel\components\finsh\cmd.o
 .text.version  0x000000008000c56c       0x10 build\kernel\components\finsh\cmd.o
                0x000000008000c56c                version
 .text.list     0x000000008000c57c       0x72 build\kernel\components\finsh\cmd.o
                0x000000008000c57c                list
 .text.list_get_next
                0x000000008000c5ee       0x94 build\kernel\components\finsh\cmd.o
 .text.object_split.constprop.2
                0x000000008000c682       0x28 build\kernel\components\finsh\cmd.o
 .text.list_mailbox
                0x000000008000c6aa      0x128 build\kernel\components\finsh\cmd.o
                0x000000008000c6aa                list_mailbox
 .text.list_device
                0x000000008000c7d2       0xf0 build\kernel\components\finsh\cmd.o
                0x000000008000c7d2                list_device
 .text.list_mempool
                0x000000008000c8c2      0x112 build\kernel\components\finsh\cmd.o
                0x000000008000c8c2                list_mempool
 .text.list_timer
                0x000000008000c9d4       0xfc build\kernel\components\finsh\cmd.o
                0x000000008000c9d4                list_timer
 .text.list_thread
                0x000000008000cad0      0x19c build\kernel\components\finsh\cmd.o
                0x000000008000cad0                list_thread
 .text.list_mutex
                0x000000008000cc6c       0xd4 build\kernel\components\finsh\cmd.o
                0x000000008000cc6c                list_mutex
 .text.list_event
                0x000000008000cd40      0x10e build\kernel\components\finsh\cmd.o
                0x000000008000cd40                list_event
 .text.list_msgqueue
                0x000000008000ce4e      0x11c build\kernel\components\finsh\cmd.o
                0x000000008000ce4e                list_msgqueue
 .text.list_sem
                0x000000008000cf6a      0x11c build\kernel\components\finsh\cmd.o
                0x000000008000cf6a                list_sem
 .text.msh_help
                0x000000008000d086       0x80 build\kernel\components\finsh\msh.o
                0x000000008000d086                msh_help
 .text.cmd_ps   0x000000008000d106       0x10 build\kernel\components\finsh\msh.o
                0x000000008000d106                cmd_ps
 .text.cmd_free
                0x000000008000d116       0x10 build\kernel\components\finsh\msh.o
                0x000000008000d116                cmd_free
 .text.msh_is_used
                0x000000008000d126        0x4 build\kernel\components\finsh\msh.o
                0x000000008000d126                msh_is_used
 .text.msh_exec
                0x000000008000d12a      0x1f0 build\kernel\components\finsh\msh.o
                0x000000008000d12a                msh_exec
 .text.msh_auto_complete_path
                0x000000008000d31a      0x1b2 build\kernel\components\finsh\msh.o
                0x000000008000d31a                msh_auto_complete_path
 .text.msh_auto_complete
                0x000000008000d4cc      0x118 build\kernel\components\finsh\msh.o
                0x000000008000d4cc                msh_auto_complete
 .text.cmd_ls   0x000000008000d5e4       0x22 build\kernel\components\finsh\msh_file.o
                0x000000008000d5e4                cmd_ls
 .text.cmd_pwd  0x000000008000d606       0x20 build\kernel\components\finsh\msh_file.o
                0x000000008000d606                cmd_pwd
 .text.cmd_mkfs
                0x000000008000d626       0x60 build\kernel\components\finsh\msh_file.o
                0x000000008000d626                cmd_mkfs
 .text.cmd_cp   0x000000008000d686       0x36 build\kernel\components\finsh\msh_file.o
                0x000000008000d686                cmd_cp
 .text.cmd_rm   0x000000008000d6bc       0x54 build\kernel\components\finsh\msh_file.o
                0x000000008000d6bc                cmd_rm
 .text.cmd_mv   0x000000008000d710       0xea build\kernel\components\finsh\msh_file.o
                0x000000008000d710                cmd_mv
 .text.cmd_cat  0x000000008000d7fa       0x54 build\kernel\components\finsh\msh_file.o
                0x000000008000d7fa                cmd_cat
 .text.cmd_cd   0x000000008000d84e       0x44 build\kernel\components\finsh\msh_file.o
                0x000000008000d84e                cmd_cd
 .text.cmd_mkdir
                0x000000008000d892       0x36 build\kernel\components\finsh\msh_file.o
                0x000000008000d892                cmd_mkdir
 .text.cmd_df   0x000000008000d8c8       0x56 build\kernel\components\finsh\msh_file.o
                0x000000008000d8c8                cmd_df
 .text.cmd_echo
                0x000000008000d91e       0x78 build\kernel\components\finsh\msh_file.o
                0x000000008000d91e                cmd_echo
 .text.msh_exec_script
                0x000000008000d996      0x188 build\kernel\components\finsh\msh_file.o
                0x000000008000d996                msh_exec_script
 .text.libc_system_init
                0x000000008000db1e       0x30 build\kernel\components\libc\compilers\newlib\libc.o
                0x000000008000db1e                libc_system_init
 .text.libc_stdio_set_console
                0x000000008000db4e       0xb8 build\kernel\components\libc\compilers\newlib\stdio.o
                0x000000008000db4e                libc_stdio_set_console
 .text.libc_stdio_get_console
                0x000000008000dc06       0x14 build\kernel\components\libc\compilers\newlib\stdio.o
                0x000000008000dc06                libc_stdio_get_console
 .text.__errno  0x000000008000dc1a        0x4 build\kernel\components\libc\compilers\newlib\syscalls.o
                0x000000008000dc1a                __errno
 .text._close_r
                0x000000008000dc1e        0x6 build\kernel\components\libc\compilers\newlib\syscalls.o
                0x000000008000dc1e                _close_r
 .text._fstat_r
                0x000000008000dc24        0xa build\kernel\components\libc\compilers\newlib\syscalls.o
                0x000000008000dc24                _fstat_r
 .text._isatty_r
                0x000000008000dc2e       0x14 build\kernel\components\libc\compilers\newlib\syscalls.o
                0x000000008000dc2e                _isatty_r
 .text._lseek_r
                0x000000008000dc42        0xa build\kernel\components\libc\compilers\newlib\syscalls.o
                0x000000008000dc42                _lseek_r
 .text._open_r  0x000000008000dc4c        0xa build\kernel\components\libc\compilers\newlib\syscalls.o
                0x000000008000dc4c                _open_r
 .text._read_r  0x000000008000dc56       0x14 build\kernel\components\libc\compilers\newlib\syscalls.o
                0x000000008000dc56                _read_r
 .text._write_r
                0x000000008000dc6a       0x14 build\kernel\components\libc\compilers\newlib\syscalls.o
                0x000000008000dc6a                _write_r
 .text._malloc_r
                0x000000008000dc7e       0x1c build\kernel\components\libc\compilers\newlib\syscalls.o
                0x000000008000dc7e                _malloc_r
 .text._realloc_r
                0x000000008000dc9a       0x1e build\kernel\components\libc\compilers\newlib\syscalls.o
                0x000000008000dc9a                _realloc_r
 .text._calloc_r
                0x000000008000dcb8       0x1e build\kernel\components\libc\compilers\newlib\syscalls.o
                0x000000008000dcb8                _calloc_r
 .text._free_r  0x000000008000dcd6        0x6 build\kernel\components\libc\compilers\newlib\syscalls.o
                0x000000008000dcd6                _free_r
 .text.time     0x000000008000dcdc        0xa build\kernel\components\libc\compilers\newlib\time.o
                0x000000008000dcdc                time
 .text.usleep   0x000000008000dce6       0x3e build\packages\kendryte-sdk-v0.5.5\kendryte-standalone-sdk\lib\bsp\sleep.o
                0x000000008000dce6                usleep
 .text._init    0x000000008000dd24        0x2 build\packages\kendryte-sdk-v0.5.5\kendryte-standalone-sdk\lib\bsp\entry.o
                0x000000008000dd24                _init
 .text._fini    0x000000008000dd26        0x2 build\packages\kendryte-sdk-v0.5.5\kendryte-standalone-sdk\lib\bsp\entry.o
                0x000000008000dd26                _fini
 .text.clint_get_time
                0x000000008000dd28        0xa build\packages\kendryte-sdk-v0.5.5\kendryte-standalone-sdk\lib\drivers\clint.o
                0x000000008000dd28                clint_get_time
 .text.clint_ipi_send
                0x000000008000dd32       0x20 build\packages\kendryte-sdk-v0.5.5\kendryte-standalone-sdk\lib\drivers\clint.o
                0x000000008000dd32                clint_ipi_send
 .text.clint_ipi_clear
                0x000000008000dd52       0x24 build\packages\kendryte-sdk-v0.5.5\kendryte-standalone-sdk\lib\drivers\clint.o
                0x000000008000dd52                clint_ipi_clear
 .text.dmac_enable
                0x000000008000dd76       0x18 build\packages\kendryte-sdk-v0.5.5\kendryte-standalone-sdk\lib\drivers\dmac.o
 .text.dmac_channel_enable
                0x000000008000dd8e       0x6e build\packages\kendryte-sdk-v0.5.5\kendryte-standalone-sdk\lib\drivers\dmac.o
                0x000000008000dd8e                dmac_channel_enable
 .text.dmac_channel_disable
                0x000000008000ddfc       0x74 build\packages\kendryte-sdk-v0.5.5\kendryte-standalone-sdk\lib\drivers\dmac.o
                0x000000008000ddfc                dmac_channel_disable
 .text.dmac_set_channel_param
                0x000000008000de70      0x154 build\packages\kendryte-sdk-v0.5.5\kendryte-standalone-sdk\lib\drivers\dmac.o
                0x000000008000de70                dmac_set_channel_param
 .text.dmac_init
                0x000000008000dfc4       0x50 build\packages\kendryte-sdk-v0.5.5\kendryte-standalone-sdk\lib\drivers\dmac.o
                0x000000008000dfc4                dmac_init
 .text.dmac_is_idle
                0x000000008000e014       0x12 build\packages\kendryte-sdk-v0.5.5\kendryte-standalone-sdk\lib\drivers\dmac.o
                0x000000008000e014                dmac_is_idle
 .text.dmac_wait_idle
                0x000000008000e026       0x2a build\packages\kendryte-sdk-v0.5.5\kendryte-standalone-sdk\lib\drivers\dmac.o
                0x000000008000e026                dmac_wait_idle
 .text.dmac_set_single_mode
                0x000000008000e050       0x5e build\packages\kendryte-sdk-v0.5.5\kendryte-standalone-sdk\lib\drivers\dmac.o
                0x000000008000e050                dmac_set_single_mode
 .text.dmac_wait_done
                0x000000008000e0ae        0x4 build\packages\kendryte-sdk-v0.5.5\kendryte-standalone-sdk\lib\drivers\dmac.o
                0x000000008000e0ae                dmac_wait_done
 .text.fpioa_init
                0x000000008000e0b2       0xa0 build\packages\kendryte-sdk-v0.5.5\kendryte-standalone-sdk\lib\drivers\fpioa.o
                0x000000008000e0b2                fpioa_init
 .text.fpioa_set_io_pull
                0x000000008000e152       0x64 build\packages\kendryte-sdk-v0.5.5\kendryte-standalone-sdk\lib\drivers\fpioa.o
                0x000000008000e152                fpioa_set_io_pull
 .text.fpioa_set_function_raw
                0x000000008000e1b6       0x3e build\packages\kendryte-sdk-v0.5.5\kendryte-standalone-sdk\lib\drivers\fpioa.o
                0x000000008000e1b6                fpioa_set_function_raw
 .text.fpioa_set_function
                0x000000008000e1f4       0x7e build\packages\kendryte-sdk-v0.5.5\kendryte-standalone-sdk\lib\drivers\fpioa.o
                0x000000008000e1f4                fpioa_set_function
 .text.fpioa_get_io_by_function
                0x000000008000e272       0x26 build\packages\kendryte-sdk-v0.5.5\kendryte-standalone-sdk\lib\drivers\fpioa.o
                0x000000008000e272                fpioa_get_io_by_function
 .text.gpiohs_set_drive_mode
                0x000000008000e298       0xdc build\packages\kendryte-sdk-v0.5.5\kendryte-standalone-sdk\lib\drivers\gpiohs.o
                0x000000008000e298                gpiohs_set_drive_mode
 .text.gpiohs_get_pin
                0x000000008000e374       0x36 build\packages\kendryte-sdk-v0.5.5\kendryte-standalone-sdk\lib\drivers\gpiohs.o
                0x000000008000e374                gpiohs_get_pin
 .text.gpiohs_set_pin
                0x000000008000e3aa       0x3a build\packages\kendryte-sdk-v0.5.5\kendryte-standalone-sdk\lib\drivers\gpiohs.o
                0x000000008000e3aa                gpiohs_set_pin
 .text.gpiohs_set_pin_edge
                0x000000008000e3e4       0xee build\packages\kendryte-sdk-v0.5.5\kendryte-standalone-sdk\lib\drivers\gpiohs.o
                0x000000008000e3e4                gpiohs_set_pin_edge
 .text.plic_set_priority
                0x000000008000e4d2       0x1c build\packages\kendryte-sdk-v0.5.5\kendryte-standalone-sdk\lib\drivers\plic.o
                0x000000008000e4d2                plic_set_priority
 .text.plic_get_instance
                0x000000008000e4ee        0xa build\packages\kendryte-sdk-v0.5.5\kendryte-standalone-sdk\lib\drivers\plic.o
                0x000000008000e4ee                plic_get_instance
 .text.spi_set_tmod
                0x000000008000e4f8       0x56 build\packages\kendryte-sdk-v0.5.5\kendryte-standalone-sdk\lib\drivers\spi.o
 .text.spi_init
                0x000000008000e54e      0x1c6 build\packages\kendryte-sdk-v0.5.5\kendryte-standalone-sdk\lib\drivers\spi.o
                0x000000008000e54e                spi_init
 .text.spi_init_non_standard
                0x000000008000e714      0x120 build\packages\kendryte-sdk-v0.5.5\kendryte-standalone-sdk\lib\drivers\spi.o
                0x000000008000e714                spi_init_non_standard
 .text.spi_set_clk_rate
                0x000000008000e834       0x5c build\packages\kendryte-sdk-v0.5.5\kendryte-standalone-sdk\lib\drivers\spi.o
                0x000000008000e834                spi_set_clk_rate
 .text.spi_send_data_normal_dma
                0x000000008000e890      0x134 build\packages\kendryte-sdk-v0.5.5\kendryte-standalone-sdk\lib\drivers\spi.o
                0x000000008000e890                spi_send_data_normal_dma
 .text.spi_fill_data_dma
                0x000000008000e9c4       0xca build\packages\kendryte-sdk-v0.5.5\kendryte-standalone-sdk\lib\drivers\spi.o
                0x000000008000e9c4                spi_fill_data_dma
 .text.sysctl_clock_device_en
                0x000000008000ea8e      0x280 build\packages\kendryte-sdk-v0.5.5\kendryte-standalone-sdk\lib\drivers\sysctl.o
 .text.sysctl_pll_is_lock.part.0
                0x000000008000ed0e       0x3c build\packages\kendryte-sdk-v0.5.5\kendryte-standalone-sdk\lib\drivers\sysctl.o
 .text.sysctl_pll_clear_slip
                0x000000008000ed4a       0x4c build\packages\kendryte-sdk-v0.5.5\kendryte-standalone-sdk\lib\drivers\sysctl.o
 .text.sysctl_clock_enable
                0x000000008000ed96       0x6a build\packages\kendryte-sdk-v0.5.5\kendryte-standalone-sdk\lib\drivers\sysctl.o
                0x000000008000ed96                sysctl_clock_enable
 .text.sysctl_clock_set_threshold
                0x000000008000ee00      0x266 build\packages\kendryte-sdk-v0.5.5\kendryte-standalone-sdk\lib\drivers\sysctl.o
                0x000000008000ee00                sysctl_clock_set_threshold
 .text.sysctl_clock_set_clock_select
                0x000000008000f066       0xee build\packages\kendryte-sdk-v0.5.5\kendryte-standalone-sdk\lib\drivers\sysctl.o
                0x000000008000f066                sysctl_clock_set_clock_select
 .text.sysctl_clock_source_get_freq
                0x000000008000f154       0x3c build\packages\kendryte-sdk-v0.5.5\kendryte-standalone-sdk\lib\drivers\sysctl.o
                0x000000008000f154                sysctl_clock_source_get_freq
 .text.sysctl_pll_get_freq.part.4
                0x000000008000f190       0xd0 build\packages\kendryte-sdk-v0.5.5\kendryte-standalone-sdk\lib\drivers\sysctl.o
 .text.sysctl_clock_source_get_freq.part.3
                0x000000008000f260        0x6 build\packages\kendryte-sdk-v0.5.5\kendryte-standalone-sdk\lib\drivers\sysctl.o
 .text.sysctl_clock_get_freq.part.2
                0x000000008000f266      0x27e build\packages\kendryte-sdk-v0.5.5\kendryte-standalone-sdk\lib\drivers\sysctl.o
 .text.sysctl_pll_get_freq
                0x000000008000f4e4        0xe build\packages\kendryte-sdk-v0.5.5\kendryte-standalone-sdk\lib\drivers\sysctl.o
                0x000000008000f4e4                sysctl_pll_get_freq
 .text.sysctl_pll_source_set_freq.part.5
                0x000000008000f4f2      0x446 build\packages\kendryte-sdk-v0.5.5\kendryte-standalone-sdk\lib\drivers\sysctl.o
 .text.sysctl_clock_get_freq
                0x000000008000f938        0x4 build\packages\kendryte-sdk-v0.5.5\kendryte-standalone-sdk\lib\drivers\sysctl.o
                0x000000008000f938                sysctl_clock_get_freq
 .text.sysctl_dma_select
                0x000000008000f93c       0xca build\packages\kendryte-sdk-v0.5.5\kendryte-standalone-sdk\lib\drivers\sysctl.o
                0x000000008000f93c                sysctl_dma_select
 .text.sysctl_set_spi0_dvp_data
                0x000000008000fa06       0x18 build\packages\kendryte-sdk-v0.5.5\kendryte-standalone-sdk\lib\drivers\sysctl.o
                0x000000008000fa06                sysctl_set_spi0_dvp_data
 .text.sysctl_set_power_mode
                0x000000008000fa1e       0x22 build\packages\kendryte-sdk-v0.5.5\kendryte-standalone-sdk\lib\drivers\sysctl.o
                0x000000008000fa1e                sysctl_set_power_mode
 .text.sysctl_pll_set_freq
                0x000000008000fa40       0xea build\packages\kendryte-sdk-v0.5.5\kendryte-standalone-sdk\lib\drivers\sysctl.o
                0x000000008000fa40                sysctl_pll_set_freq
 .text.set_bit  0x000000008000fb2a        0xe build\packages\kendryte-sdk-v0.5.5\kendryte-standalone-sdk\lib\drivers\utils.o
                0x000000008000fb2a                set_bit
 .text.set_bit_offset
                0x000000008000fb38       0x1a build\packages\kendryte-sdk-v0.5.5\kendryte-standalone-sdk\lib\drivers\utils.o
                0x000000008000fb38                set_bit_offset
 .text.set_gpio_bit
                0x000000008000fb52        0xa build\packages\kendryte-sdk-v0.5.5\kendryte-standalone-sdk\lib\drivers\utils.o
                0x000000008000fb52                set_gpio_bit
 .text.get_gpio_bit
                0x000000008000fb5c       0x14 build\packages\kendryte-sdk-v0.5.5\kendryte-standalone-sdk\lib\drivers\utils.o
                0x000000008000fb5c                get_gpio_bit
 .text._pin_control
                0x000000008000fb70       0x46 build\kernel\components\drivers\misc\pin.o
 .text.rt_pin_mode
                0x000000008000fbb6       0x52 build\kernel\components\drivers\misc\pin.o
                0x000000008000fbb6                rt_pin_mode
 .text.rt_pin_write
                0x000000008000fc08       0x52 build\kernel\components\drivers\misc\pin.o
                0x000000008000fc08                rt_pin_write
 .text.rt_pin_read
                0x000000008000fc5a       0x4a build\kernel\components\drivers\misc\pin.o
                0x000000008000fc5a                rt_pin_read
 .text._pin_write
                0x000000008000fca4       0x56 build\kernel\components\drivers\misc\pin.o
 .text._pin_read
                0x000000008000fcfa       0x54 build\kernel\components\drivers\misc\pin.o
 .text.rt_device_pin_register
                0x000000008000fd4e       0x58 build\kernel\components\drivers\misc\pin.o
                0x000000008000fd4e                rt_device_pin_register
 .text._serial_fifo_calc_recved_len
                0x000000008000fda6       0x68 build\kernel\components\drivers\serial\serial.o
 .text.rt_serial_init
                0x000000008000fe0e       0x4c build\kernel\components\drivers\serial\serial.o
 .text.serial_fops_poll
                0x000000008000fe5a       0x74 build\kernel\components\drivers\serial\serial.o
 .text.rt_serial_control
                0x000000008000fece       0xda build\kernel\components\drivers\serial\serial.o
 .text.serial_fops_write
                0x000000008000ffa8       0x18 build\kernel\components\drivers\serial\serial.o
 .text.serial_fops_read
                0x000000008000ffc0       0x58 build\kernel\components\drivers\serial\serial.o
 .text.serial_fops_ioctl
                0x0000000080010018       0x12 build\kernel\components\drivers\serial\serial.o
 .text.serial_fops_close
                0x000000008001002a       0x20 build\kernel\components\drivers\serial\serial.o
 .text.serial_fops_open
                0x000000008001004a       0x9c build\kernel\components\drivers\serial\serial.o
 .text.serial_fops_rx_ind
                0x00000000800100e6       0x16 build\kernel\components\drivers\serial\serial.o
 .text.rt_serial_open
                0x00000000800100fc      0x294 build\kernel\components\drivers\serial\serial.o
 .text._serial_check_buffer_size
                0x0000000080010390       0x46 build\kernel\components\drivers\serial\serial.o
 .text.rt_serial_write
                0x00000000800103d6      0x11e build\kernel\components\drivers\serial\serial.o
 .text.rt_serial_read
                0x00000000800104f4      0x2a2 build\kernel\components\drivers\serial\serial.o
 .text.rt_serial_close
                0x0000000080010796      0x1a0 build\kernel\components\drivers\serial\serial.o
 .text.rt_hw_serial_register
                0x0000000080010936       0x9c build\kernel\components\drivers\serial\serial.o
                0x0000000080010936                rt_hw_serial_register
 .text.rt_hw_serial_isr
                0x00000000800109d2      0x260 build\kernel\components\drivers\serial\serial.o
                0x00000000800109d2                rt_hw_serial_isr
 .text.rt_spi_bus_register
                0x0000000080010c32       0x44 build\kernel\components\drivers\spi\spi_core.o
                0x0000000080010c32                rt_spi_bus_register
 .text.rt_spi_bus_attach_device
                0x0000000080010c76       0x50 build\kernel\components\drivers\spi\spi_core.o
                0x0000000080010c76                rt_spi_bus_attach_device
 .text.rt_spi_configure
                0x0000000080010cc6       0x78 build\kernel\components\drivers\spi\spi_core.o
                0x0000000080010cc6                rt_spi_configure
 .text.rt_spi_send_then_recv
                0x0000000080010d3e       0xec build\kernel\components\drivers\spi\spi_core.o
                0x0000000080010d3e                rt_spi_send_then_recv
 .text.rt_spi_transfer
                0x0000000080010e2a       0xcc build\kernel\components\drivers\spi\spi_core.o
                0x0000000080010e2a                rt_spi_transfer
 .text.rt_spi_take
                0x0000000080010ef6       0x6e build\kernel\components\drivers\spi\spi_core.o
                0x0000000080010ef6                rt_spi_take
 .text.rt_spi_release
                0x0000000080010f64       0x6e build\kernel\components\drivers\spi\spi_core.o
                0x0000000080010f64                rt_spi_release
 .text._spi_bus_device_control
                0x0000000080010fd2        0x4 build\kernel\components\drivers\spi\spi_dev.o
 .text._spi_bus_device_write
                0x0000000080010fd6       0x5c build\kernel\components\drivers\spi\spi_dev.o
 .text._spi_bus_device_read
                0x0000000080011032       0x58 build\kernel\components\drivers\spi\spi_dev.o
 .text._spidev_device_write
                0x000000008001108a       0x5c build\kernel\components\drivers\spi\spi_dev.o
 .text._spidev_device_read
                0x00000000800110e6       0x5c build\kernel\components\drivers\spi\spi_dev.o
 .text._spidev_device_control
                0x0000000080011142        0x4 build\kernel\components\drivers\spi\spi_dev.o
 .text.rt_spi_bus_device_init
                0x0000000080011146       0x66 build\kernel\components\drivers\spi\spi_dev.o
                0x0000000080011146                rt_spi_bus_device_init
 .text.rt_spidev_device_init
                0x00000000800111ac       0x66 build\kernel\components\drivers\spi\spi_dev.o
                0x00000000800111ac                rt_spidev_device_init
 .text.rt_msd_open
                0x0000000080011212        0x4 build\kernel\components\drivers\spi\spi_msd.o
 .text.rt_msd_close
                0x0000000080011216        0x4 build\kernel\components\drivers\spi\spi_msd.o
 .text.rt_tick_timeout
                0x000000008001121a       0x36 build\kernel\components\drivers\spi\spi_msd.o
 .text._wait_ready
                0x0000000080011250       0x72 build\kernel\components\drivers\spi\spi_msd.o
 .text._write_block
                0x00000000800112c2       0xa6 build\kernel\components\drivers\spi\spi_msd.o
 .text.rt_msd_control
                0x0000000080011368       0x56 build\kernel\components\drivers\spi\spi_msd.o
 .text.MSD_take_owner
                0x00000000800113be       0x38 build\kernel\components\drivers\spi\spi_msd.o
 .text._read_block
                0x00000000800113f6       0xbc build\kernel\components\drivers\spi\spi_msd.o
 .text._send_cmd
                0x00000000800114b2      0x1a6 build\kernel\components\drivers\spi\spi_msd.o
 .text.rt_msd_init
                0x0000000080011658      0x64c build\kernel\components\drivers\spi\spi_msd.o
 .text.rt_msd_write
                0x0000000080011ca4      0x154 build\kernel\components\drivers\spi\spi_msd.o
 .text.rt_msd_read
                0x0000000080011df8       0xe4 build\kernel\components\drivers\spi\spi_msd.o
 .text.rt_msd_sdhc_write
                0x0000000080011edc      0x140 build\kernel\components\drivers\spi\spi_msd.o
 .text.rt_msd_sdhc_read
                0x000000008001201c       0xdc build\kernel\components\drivers\spi\spi_msd.o
 .text.msd_init
                0x00000000800120f8       0xd4 build\kernel\components\drivers\spi\spi_msd.o
                0x00000000800120f8                msd_init
 .text.retry_delay_100us
                0x00000000800121cc        0x6 build\kernel\components\drivers\spi\spi_flash_sfud.o
 .text.spi_unlock
                0x00000000800121d2       0x32 build\kernel\components\drivers\spi\spi_flash_sfud.o
 .text.spi_lock
                0x0000000080012204       0x34 build\kernel\components\drivers\spi\spi_flash_sfud.o
 .text.spi_write_read
                0x0000000080012238       0xba build\kernel\components\drivers\spi\spi_flash_sfud.o
 .text.rt_sfud_write
                0x00000000800122f2       0x62 build\kernel\components\drivers\spi\spi_flash_sfud.o
 .text.rt_sfud_read
                0x0000000080012354       0x62 build\kernel\components\drivers\spi\spi_flash_sfud.o
 .text.rt_sfud_control
                0x00000000800123b6       0x9c build\kernel\components\drivers\spi\spi_flash_sfud.o
 .text.sfud_log_debug
                0x0000000080012452       0x56 build\kernel\components\drivers\spi\spi_flash_sfud.o
                0x0000000080012452                sfud_log_debug
 .text.sfud_log_info
                0x00000000800124a8       0x56 build\kernel\components\drivers\spi\spi_flash_sfud.o
                0x00000000800124a8                sfud_log_info
 .text.sfud_spi_port_init
                0x00000000800124fe       0x60 build\kernel\components\drivers\spi\spi_flash_sfud.o
                0x00000000800124fe                sfud_spi_port_init
 .text.rt_sfud_flash_probe
                0x000000008001255e      0x1fc build\kernel\components\drivers\spi\spi_flash_sfud.o
                0x000000008001255e                rt_sfud_flash_probe
 .text.rt_sfud_flash_delete
                0x000000008001275a       0x58 build\kernel\components\drivers\spi\spi_flash_sfud.o
                0x000000008001275a                rt_sfud_flash_delete
 .text.sf       0x00000000800127b2      0x678 build\kernel\components\drivers\spi\spi_flash_sfud.o
 .text.make_adress_byte_array
                0x0000000080012e2a       0x50 build\kernel\components\drivers\spi\sfud\src\sfud.o
 .text.sfud_read_status
                0x0000000080012e7a       0x7c build\kernel\components\drivers\spi\sfud\src\sfud.o
                0x0000000080012e7a                sfud_read_status
 .text.wait_busy
                0x0000000080012ef6       0x46 build\kernel\components\drivers\spi\sfud\src\sfud.o
 .text.sfud_read
                0x0000000080012f3c      0x120 build\kernel\components\drivers\spi\sfud\src\sfud.o
                0x0000000080012f3c                sfud_read
 .text.set_write_enabled
                0x000000008001305c       0x94 build\kernel\components\drivers\spi\sfud\src\sfud.o
 .text.sfud_chip_erase
                0x00000000800130f0       0xf8 build\kernel\components\drivers\spi\sfud\src\sfud.o
                0x00000000800130f0                sfud_chip_erase
 .text.sfud_erase
                0x00000000800131e8      0x18c build\kernel\components\drivers\spi\sfud\src\sfud.o
                0x00000000800131e8                sfud_erase
 .text.page256_or_1_byte_write
                0x0000000080013374      0x1cc build\kernel\components\drivers\spi\sfud\src\sfud.o
 .text.sfud_write
                0x0000000080013540      0x1bc build\kernel\components\drivers\spi\sfud\src\sfud.o
                0x0000000080013540                sfud_write
 .text.sfud_erase_write
                0x00000000800136fc       0x3c build\kernel\components\drivers\spi\sfud\src\sfud.o
                0x00000000800136fc                sfud_erase_write
 .text.sfud_write_status
                0x0000000080013738       0xa0 build\kernel\components\drivers\spi\sfud\src\sfud.o
                0x0000000080013738                sfud_write_status
 .text.sfud_device_init
                0x00000000800137d8      0x362 build\kernel\components\drivers\spi\sfud\src\sfud.o
                0x00000000800137d8                sfud_device_init
 .text.read_sfdp_data
                0x0000000080013b3a       0xd0 build\kernel\components\drivers\spi\sfud\src\sfud_sfdp.o
 .text.sfud_read_sfdp
                0x0000000080013c0a      0x4ce build\kernel\components\drivers\spi\sfud\src\sfud_sfdp.o
                0x0000000080013c0a                sfud_read_sfdp
 .text.sfud_sfdp_get_suitable_eraser
                0x00000000800140d8       0x66 build\kernel\components\drivers\spi\sfud\src\sfud_sfdp.o
                0x00000000800140d8                sfud_sfdp_get_suitable_eraser
 .text.rt_completion_init
                0x000000008001413e       0x3a build\kernel\components\drivers\src\completion.o
                0x000000008001413e                rt_completion_init
 .text.rt_completion_wait
                0x0000000080014178      0x10e build\kernel\components\drivers\src\completion.o
                0x0000000080014178                rt_completion_wait
 .text.rt_completion_done
                0x0000000080014286       0x74 build\kernel\components\drivers\src\completion.o
                0x0000000080014286                rt_completion_done
 .text.rt_data_queue_init
                0x00000000800142fa       0x72 build\kernel\components\drivers\src\dataqueue.o
                0x00000000800142fa                rt_data_queue_init
 .text.rt_data_queue_push
                0x000000008001436c      0x16e build\kernel\components\drivers\src\dataqueue.o
                0x000000008001436c                rt_data_queue_push
 .text.rt_data_queue_pop
                0x00000000800144da      0x1d0 build\kernel\components\drivers\src\dataqueue.o
                0x00000000800144da                rt_data_queue_pop
 .text.rt_data_queue_peak
                0x00000000800146aa       0x7c build\kernel\components\drivers\src\dataqueue.o
                0x00000000800146aa                rt_data_queue_peak
 .text.rt_data_queue_reset
                0x0000000080014726       0x98 build\kernel\components\drivers\src\dataqueue.o
                0x0000000080014726                rt_data_queue_reset
 .text.rt_data_queue_deinit
                0x00000000800147be       0x58 build\kernel\components\drivers\src\dataqueue.o
                0x00000000800147be                rt_data_queue_deinit
 .text.__wqueue_default_wake
                0x0000000080014816        0x4 build\kernel\components\drivers\src\waitqueue.o
                0x0000000080014816                __wqueue_default_wake
 .text.rt_wqueue_add
                0x000000008001481a       0x2a build\kernel\components\drivers\src\waitqueue.o
                0x000000008001481a                rt_wqueue_add
 .text.rt_wqueue_remove
                0x0000000080014844       0x26 build\kernel\components\drivers\src\waitqueue.o
                0x0000000080014844                rt_wqueue_remove
 .text.rt_wqueue_wakeup
                0x000000008001486a       0x76 build\kernel\components\drivers\src\waitqueue.o
                0x000000008001486a                rt_wqueue_wakeup
 .text.rt_wqueue_wait
                0x00000000800148e0       0xea build\kernel\components\drivers\src\waitqueue.o
                0x00000000800148e0                rt_wqueue_wait
 .text._fclose_r
                0x00000000800149ca      0x104 f:/4_单片机学习/6_risc-v/gnu mcu eclipse/risc-v embedded gcc/8.2.0-2.2-20190521-0004/bin/../lib/gcc/riscv-none-embed/8.2.0/../../../../riscv-none-embed/lib/rv64imafdc/lp64d\libc.a(lib_a-fclose.o)
                0x00000000800149ca                _fclose_r
 .text.fclose   0x0000000080014ace       0x10 f:/4_单片机学习/6_risc-v/gnu mcu eclipse/risc-v embedded gcc/8.2.0-2.2-20190521-0004/bin/../lib/gcc/riscv-none-embed/8.2.0/../../../../riscv-none-embed/lib/rv64imafdc/lp64d\libc.a(lib_a-fclose.o)
                0x0000000080014ace                fclose
 .text.__sflush_r
                0x0000000080014ade      0x196 f:/4_单片机学习/6_risc-v/gnu mcu eclipse/risc-v embedded gcc/8.2.0-2.2-20190521-0004/bin/../lib/gcc/riscv-none-embed/8.2.0/../../../../riscv-none-embed/lib/rv64imafdc/lp64d\libc.a(lib_a-fflush.o)
                0x0000000080014ade                __sflush_r
 .text._fflush_r
                0x0000000080014c74       0x88 f:/4_单片机学习/6_risc-v/gnu mcu eclipse/risc-v embedded gcc/8.2.0-2.2-20190521-0004/bin/../lib/gcc/riscv-none-embed/8.2.0/../../../../riscv-none-embed/lib/rv64imafdc/lp64d\libc.a(lib_a-fflush.o)
                0x0000000080014c74                _fflush_r
 .text.fflush   0x0000000080014cfc       0x28 f:/4_单片机学习/6_risc-v/gnu mcu eclipse/risc-v embedded gcc/8.2.0-2.2-20190521-0004/bin/../lib/gcc/riscv-none-embed/8.2.0/../../../../riscv-none-embed/lib/rv64imafdc/lp64d\libc.a(lib_a-fflush.o)
                0x0000000080014cfc                fflush
 .text.fileno   0x0000000080014d24       0x8e f:/4_单片机学习/6_risc-v/gnu mcu eclipse/risc-v embedded gcc/8.2.0-2.2-20190521-0004/bin/../lib/gcc/riscv-none-embed/8.2.0/../../../../riscv-none-embed/lib/rv64imafdc/lp64d\libc.a(lib_a-fileno.o)
                0x0000000080014d24                fileno
 .text.std      0x0000000080014db2       0x6c f:/4_单片机学习/6_risc-v/gnu mcu eclipse/risc-v embedded gcc/8.2.0-2.2-20190521-0004/bin/../lib/gcc/riscv-none-embed/8.2.0/../../../../riscv-none-embed/lib/rv64imafdc/lp64d\libc.a(lib_a-findfp.o)
 .text._cleanup_r
                0x0000000080014e1e        0xc f:/4_单片机学习/6_risc-v/gnu mcu eclipse/risc-v embedded gcc/8.2.0-2.2-20190521-0004/bin/../lib/gcc/riscv-none-embed/8.2.0/../../../../riscv-none-embed/lib/rv64imafdc/lp64d\libc.a(lib_a-findfp.o)
                0x0000000080014e1e                _cleanup_r
 .text.__sfmoreglue
                0x0000000080014e2a       0x48 f:/4_单片机学习/6_risc-v/gnu mcu eclipse/risc-v embedded gcc/8.2.0-2.2-20190521-0004/bin/../lib/gcc/riscv-none-embed/8.2.0/../../../../riscv-none-embed/lib/rv64imafdc/lp64d\libc.a(lib_a-findfp.o)
                0x0000000080014e2a                __sfmoreglue
 .text.__sinit  0x0000000080014e72       0x68 f:/4_单片机学习/6_risc-v/gnu mcu eclipse/risc-v embedded gcc/8.2.0-2.2-20190521-0004/bin/../lib/gcc/riscv-none-embed/8.2.0/../../../../riscv-none-embed/lib/rv64imafdc/lp64d\libc.a(lib_a-findfp.o)
                0x0000000080014e72                __sinit
 .text.__sfp    0x0000000080014eda       0xec f:/4_单片机学习/6_risc-v/gnu mcu eclipse/risc-v embedded gcc/8.2.0-2.2-20190521-0004/bin/../lib/gcc/riscv-none-embed/8.2.0/../../../../riscv-none-embed/lib/rv64imafdc/lp64d\libc.a(lib_a-findfp.o)
                0x0000000080014eda                __sfp
 .text.__sfp_lock_acquire